[2021-04-01T06:27:44.505+0500][gc] Using G1
[2021-04-01T06:27:44.511+0500][gc,init] Version: 15.0.2+7-sapmachine (release)
[2021-04-01T06:27:44.511+0500][gc,init] CPUs: 8 total, 8 available
[2021-04-01T06:27:44.511+0500][gc,init] Memory: 8192M
[2021-04-01T06:27:44.511+0500][gc,init] Large Page Support: Disabled
[2021-04-01T06:27:44.511+0500][gc,init] NUMA Support: Disabled
[2021-04-01T06:27:44.511+0500][gc,init] Compressed Oops: Enabled (Zero based)
[2021-04-01T06:27:44.511+0500][gc,init] Heap Region Size: 1M
[2021-04-01T06:27:44.511+0500][gc,init] Heap Min Capacity: 1G
[2021-04-01T06:27:44.511+0500][gc,init] Heap Initial Capacity: 1G
[2021-04-01T06:27:44.511+0500][gc,init] Heap Max Capacity: 1G
[2021-04-01T06:27:44.511+0500][gc,init] Pre-touch: Disabled
[2021-04-01T06:27:44.511+0500][gc,init] Parallel Workers: 8
[2021-04-01T06:27:44.511+0500][gc,init] Concurrent Workers: 2
[2021-04-01T06:27:44.511+0500][gc,init] Concurrent Refinement Workers: 8
[2021-04-01T06:27:44.511+0500][gc,init] Periodic GC: Disabled
[2021-04-01T06:27:44.511+0500][gc,cds ] Mark closed archive regions in map: [0x00000007fff00000, 0x00000007fff78ff8]
[2021-04-01T06:27:44.511+0500][gc,cds ] Mark open archive regions in map: [0x00000007ffe00000, 0x00000007ffe50ff8]
[2021-04-01T06:27:44.511+0500][gc,metaspace] CDS archive(s) mapped at: [0x0000000800000000-0x0000000800b2f000-0x0000000800b2f000), size 11726848, SharedBaseAddress: 0x0000000800000000, ArchiveRelocationMode: 0.
[2021-04-01T06:27:44.511+0500][gc,metaspace] Compressed class space mapped at: 0x0000000800b30000-0x0000000840b30000, size: 1073741824
[2021-04-01T06:27:44.511+0500][gc,metaspace] Narrow klass base: 0x0000000800000000, Narrow klass shift: 3, Narrow klass range: 0x100000000
[2021-04-01T06:27:46.648+0500][gc,start    ] GC(0) Pause Young (Normal) (G1 Evacuation Pause)
[2021-04-01T06:27:46.649+0500][gc,task     ] GC(0) Using 8 workers of 8 for evacuation
[2021-04-01T06:27:46.664+0500][gc,phases   ] GC(0)   Pre Evacuate Collection Set: 0.1ms
[2021-04-01T06:27:46.664+0500][gc,phases   ] GC(0)   Merge Heap Roots: 0.0ms
[2021-04-01T06:27:46.664+0500][gc,phases   ] GC(0)   Evacuate Collection Set: 11.1ms
[2021-04-01T06:27:46.664+0500][gc,phases   ] GC(0)   Post Evacuate Collection Set: 1.0ms
[2021-04-01T06:27:46.664+0500][gc,phases   ] GC(0)   Other: 3.1ms
[2021-04-01T06:27:46.664+0500][gc,heap     ] GC(0) Eden regions: 51->0(44)
[2021-04-01T06:27:46.664+0500][gc,heap     ] GC(0) Survivor regions: 0->7(7)
[2021-04-01T06:27:46.664+0500][gc,heap     ] GC(0) Old regions: 0->0
[2021-04-01T06:27:46.664+0500][gc,heap     ] GC(0) Archive regions: 2->2
[2021-04-01T06:27:46.664+0500][gc,heap     ] GC(0) Humongous regions: 0->0
[2021-04-01T06:27:46.664+0500][gc,metaspace] GC(0) Metaspace: 19183K(19840K)->19183K(19840K) NonClass: 16892K(17408K)->16892K(17408K) Class: 2291K(2432K)->2291K(2432K)
[2021-04-01T06:27:46.664+0500][gc          ] GC(0) Pause Young (Normal) (G1 Evacuation Pause) 51M->7M(1024M) 15.458ms
[2021-04-01T06:27:46.664+0500][gc,cpu      ] GC(0) User=0.02s Sys=0.01s Real=0.02s
[2021-04-01T06:27:46.832+0500][gc,start    ] GC(1) Pause Young (Concurrent Start) (Metadata GC Threshold)
[2021-04-01T06:27:46.832+0500][gc,task     ] GC(1) Using 8 workers of 8 for evacuation
[2021-04-01T06:27:46.843+0500][gc,phases   ] GC(1)   Pre Evacuate Collection Set: 0.2ms
[2021-04-01T06:27:46.843+0500][gc,phases   ] GC(1)   Merge Heap Roots: 0.0ms
[2021-04-01T06:27:46.843+0500][gc,phases   ] GC(1)   Evacuate Collection Set: 9.6ms
[2021-04-01T06:27:46.843+0500][gc,phases   ] GC(1)   Post Evacuate Collection Set: 0.4ms
[2021-04-01T06:27:46.843+0500][gc,phases   ] GC(1)   Other: 0.2ms
[2021-04-01T06:27:46.843+0500][gc,heap     ] GC(1) Eden regions: 8->0(49)
[2021-04-01T06:27:46.843+0500][gc,heap     ] GC(1) Survivor regions: 7->2(7)
[2021-04-01T06:27:46.843+0500][gc,heap     ] GC(1) Old regions: 0->7
[2021-04-01T06:27:46.843+0500][gc,heap     ] GC(1) Archive regions: 2->2
[2021-04-01T06:27:46.843+0500][gc,heap     ] GC(1) Humongous regions: 129->129
[2021-04-01T06:27:46.843+0500][gc,metaspace] GC(1) Metaspace: 20588K(21248K)->20588K(21248K) NonClass: 18149K(18688K)->18149K(18688K) Class: 2438K(2560K)->2438K(2560K)
[2021-04-01T06:27:46.843+0500][gc          ] GC(1) Pause Young (Concurrent Start) (Metadata GC Threshold) 143M->137M(1024M) 10.526ms
[2021-04-01T06:27:46.843+0500][gc,cpu      ] GC(1) User=0.02s Sys=0.01s Real=0.01s
[2021-04-01T06:27:46.843+0500][gc          ] GC(2) Concurrent Cycle
[2021-04-01T06:27:46.843+0500][gc,marking  ] GC(2) Concurrent Clear Claimed Marks
[2021-04-01T06:27:46.843+0500][gc,marking  ] GC(2) Concurrent Clear Claimed Marks 0.020ms
[2021-04-01T06:27:46.843+0500][gc,marking  ] GC(2) Concurrent Scan Root Regions
[2021-04-01T06:27:46.845+0500][gc,marking  ] GC(2) Concurrent Scan Root Regions 2.095ms
[2021-04-01T06:27:46.845+0500][gc,marking  ] GC(2) Concurrent Mark (2.348s)
[2021-04-01T06:27:46.845+0500][gc,marking  ] GC(2) Concurrent Mark From Roots
[2021-04-01T06:27:46.845+0500][gc,task     ] GC(2) Using 2 workers of 2 for marking
[2021-04-01T06:27:46.848+0500][gc,marking  ] GC(2) Concurrent Mark From Roots 2.943ms
[2021-04-01T06:27:46.848+0500][gc,marking  ] GC(2) Concurrent Preclean
[2021-04-01T06:27:46.848+0500][gc,marking  ] GC(2) Concurrent Preclean 0.030ms
[2021-04-01T06:27:46.849+0500][gc,marking  ] GC(2) Concurrent Mark (2.348s, 2.351s) 3.363ms
[2021-04-01T06:27:46.849+0500][gc,start    ] GC(2) Pause Remark
[2021-04-01T06:27:46.856+0500][gc          ] GC(2) Pause Remark 138M->138M(1024M) 6.669ms
[2021-04-01T06:27:46.856+0500][gc,cpu      ] GC(2) User=0.01s Sys=0.00s Real=0.01s
[2021-04-01T06:27:46.856+0500][gc,marking  ] GC(2) Concurrent Rebuild Remembered Sets
[2021-04-01T06:27:46.858+0500][gc,marking  ] GC(2) Concurrent Rebuild Remembered Sets 1.751ms
[2021-04-01T06:27:46.860+0500][gc,start    ] GC(2) Pause Cleanup
[2021-04-01T06:27:46.860+0500][gc          ] GC(2) Pause Cleanup 138M->138M(1024M) 0.144ms
[2021-04-01T06:27:46.860+0500][gc,cpu      ] GC(2) User=0.00s Sys=0.00s Real=0.00s
[2021-04-01T06:27:46.861+0500][gc,marking  ] GC(2) Concurrent Cleanup for Next Mark
[2021-04-01T06:27:46.865+0500][gc,marking  ] GC(2) Concurrent Cleanup for Next Mark 4.746ms
[2021-04-01T06:27:46.865+0500][gc          ] GC(2) Concurrent Cycle 22.390ms
[2021-04-01T06:27:48.118+0500][gc,start    ] GC(3) Pause Young (Normal) (G1 Evacuation Pause)
[2021-04-01T06:27:48.118+0500][gc,task     ] GC(3) Using 8 workers of 8 for evacuation
[2021-04-01T06:27:48.121+0500][gc,phases   ] GC(3)   Pre Evacuate Collection Set: 0.1ms
[2021-04-01T06:27:48.121+0500][gc,phases   ] GC(3)   Merge Heap Roots: 0.0ms
[2021-04-01T06:27:48.121+0500][gc,phases   ] GC(3)   Evacuate Collection Set: 2.2ms
[2021-04-01T06:27:48.121+0500][gc,phases   ] GC(3)   Post Evacuate Collection Set: 0.3ms
[2021-04-01T06:27:48.121+0500][gc,phases   ] GC(3)   Other: 0.1ms
[2021-04-01T06:27:48.121+0500][gc,heap     ] GC(3) Eden regions: 49->0(46)
[2021-04-01T06:27:48.121+0500][gc,heap     ] GC(3) Survivor regions: 2->5(7)
[2021-04-01T06:27:48.121+0500][gc,heap     ] GC(3) Old regions: 7->7
[2021-04-01T06:27:48.121+0500][gc,heap     ] GC(3) Archive regions: 2->2
[2021-04-01T06:27:48.121+0500][gc,heap     ] GC(3) Humongous regions: 129->129
[2021-04-01T06:27:48.121+0500][gc,metaspace] GC(3) Metaspace: 32613K(33664K)->32613K(33664K) NonClass: 29088K(29952K)->29088K(29952K) Class: 3525K(3712K)->3525K(3712K)
[2021-04-01T06:27:48.121+0500][gc          ] GC(3) Pause Young (Normal) (G1 Evacuation Pause) 186M->141M(1024M) 2.868ms
[2021-04-01T06:27:48.121+0500][gc,cpu      ] GC(3) User=0.01s Sys=0.00s Real=0.01s
[2021-04-01T06:28:42.585+0500][gc,start    ] GC(4) Pause Young (Concurrent Start) (Metadata GC Threshold)
[2021-04-01T06:28:42.586+0500][gc,task     ] GC(4) Using 8 workers of 8 for evacuation
[2021-04-01T06:28:42.593+0500][gc,phases   ] GC(4)   Pre Evacuate Collection Set: 0.2ms
[2021-04-01T06:28:42.593+0500][gc,phases   ] GC(4)   Merge Heap Roots: 0.0ms
[2021-04-01T06:28:42.593+0500][gc,phases   ] GC(4)   Evacuate Collection Set: 6.5ms
[2021-04-01T06:28:42.593+0500][gc,phases   ] GC(4)   Post Evacuate Collection Set: 0.3ms
[2021-04-01T06:28:42.593+0500][gc,phases   ] GC(4)   Other: 0.4ms
[2021-04-01T06:28:42.593+0500][gc,heap     ] GC(4) Eden regions: 12->0(50)
[2021-04-01T06:28:42.593+0500][gc,heap     ] GC(4) Survivor regions: 5->1(7)
[2021-04-01T06:28:42.593+0500][gc,heap     ] GC(4) Old regions: 7->12
[2021-04-01T06:28:42.593+0500][gc,heap     ] GC(4) Archive regions: 2->2
[2021-04-01T06:28:42.593+0500][gc,heap     ] GC(4) Humongous regions: 129->129
[2021-04-01T06:28:42.593+0500][gc,metaspace] GC(4) Metaspace: 34972K(35840K)->34972K(35840K) NonClass: 31089K(31872K)->31089K(31872K) Class: 3883K(3968K)->3883K(3968K)
[2021-04-01T06:28:42.593+0500][gc          ] GC(4) Pause Young (Concurrent Start) (Metadata GC Threshold) 152M->142M(1024M) 7.449ms
[2021-04-01T06:28:42.593+0500][gc,cpu      ] GC(4) User=0.01s Sys=0.01s Real=0.01s
[2021-04-01T06:28:42.593+0500][gc          ] GC(5) Concurrent Cycle
[2021-04-01T06:28:42.593+0500][gc,marking  ] GC(5) Concurrent Clear Claimed Marks
[2021-04-01T06:28:42.593+0500][gc,marking  ] GC(5) Concurrent Clear Claimed Marks 0.023ms
[2021-04-01T06:28:42.593+0500][gc,marking  ] GC(5) Concurrent Scan Root Regions
[2021-04-01T06:28:42.595+0500][gc,marking  ] GC(5) Concurrent Scan Root Regions 1.803ms
[2021-04-01T06:28:42.595+0500][gc,marking  ] GC(5) Concurrent Mark (58.098s)
[2021-04-01T06:28:42.595+0500][gc,marking  ] GC(5) Concurrent Mark From Roots
[2021-04-01T06:28:42.595+0500][gc,task     ] GC(5) Using 2 workers of 2 for marking
[2021-04-01T06:28:42.598+0500][gc,marking  ] GC(5) Concurrent Mark From Roots 3.454ms
[2021-04-01T06:28:42.598+0500][gc,marking  ] GC(5) Concurrent Preclean
[2021-04-01T06:28:42.598+0500][gc,marking  ] GC(5) Concurrent Preclean 0.042ms
[2021-04-01T06:28:42.598+0500][gc,marking  ] GC(5) Concurrent Mark (58.098s, 58.102s) 3.540ms
[2021-04-01T06:28:42.600+0500][gc,start    ] GC(5) Pause Remark
[2021-04-01T06:28:42.611+0500][gc          ] GC(5) Pause Remark 142M->142M(1024M) 11.787ms
[2021-04-01T06:28:42.611+0500][gc,cpu      ] GC(5) User=0.01s Sys=0.01s Real=0.01s
[2021-04-01T06:28:42.612+0500][gc,marking  ] GC(5) Concurrent Rebuild Remembered Sets
[2021-04-01T06:28:42.615+0500][gc,marking  ] GC(5) Concurrent Rebuild Remembered Sets 3.616ms
[2021-04-01T06:28:42.616+0500][gc,start    ] GC(5) Pause Cleanup
[2021-04-01T06:28:42.616+0500][gc          ] GC(5) Pause Cleanup 142M->142M(1024M) 0.093ms
[2021-04-01T06:28:42.616+0500][gc,cpu      ] GC(5) User=0.00s Sys=0.00s Real=0.00s
[2021-04-01T06:28:42.616+0500][gc,marking  ] GC(5) Concurrent Cleanup for Next Mark
[2021-04-01T06:28:42.619+0500][gc,marking  ] GC(5) Concurrent Cleanup for Next Mark 3.090ms
[2021-04-01T06:28:42.619+0500][gc          ] GC(5) Concurrent Cycle 25.904ms
[2021-04-01T06:36:17.792+0500][gc,start    ] GC(6) Pause Young (Normal) (G1 Evacuation Pause)
[2021-04-01T06:36:17.792+0500][gc,task     ] GC(6) Using 8 workers of 8 for evacuation
[2021-04-01T06:36:17.816+0500][gc,mmu      ] GC(6) MMU target violated: 21.0ms (20.0ms/21.0ms)
[2021-04-01T06:36:17.816+0500][gc,phases   ] GC(6)   Pre Evacuate Collection Set: 1.5ms
[2021-04-01T06:36:17.816+0500][gc,phases   ] GC(6)   Merge Heap Roots: 0.2ms
[2021-04-01T06:36:17.816+0500][gc,phases   ] GC(6)   Evacuate Collection Set: 20.3ms
[2021-04-01T06:36:17.816+0500][gc,phases   ] GC(6)   Post Evacuate Collection Set: 1.0ms
[2021-04-01T06:36:17.816+0500][gc,phases   ] GC(6)   Other: 1.4ms
[2021-04-01T06:36:17.816+0500][gc,heap     ] GC(6) Eden regions: 50->0(47)
[2021-04-01T06:36:17.816+0500][gc,heap     ] GC(6) Survivor regions: 1->4(7)
[2021-04-01T06:36:17.816+0500][gc,heap     ] GC(6) Old regions: 12->12
[2021-04-01T06:36:17.816+0500][gc,heap     ] GC(6) Archive regions: 2->2
[2021-04-01T06:36:17.816+0500][gc,heap     ] GC(6) Humongous regions: 129->129
[2021-04-01T06:36:17.816+0500][gc,metaspace] GC(6) Metaspace: 39838K(40780K)->39838K(40780K) NonClass: 35416K(36096K)->35416K(36096K) Class: 4422K(4684K)->4422K(4684K)
[2021-04-01T06:36:17.816+0500][gc          ] GC(6) Pause Young (Normal) (G1 Evacuation Pause) 192M->145M(1024M) 24.408ms
[2021-04-01T06:36:17.816+0500][gc,cpu      ] GC(6) User=0.05s Sys=0.02s Real=0.02s
[2021-04-01T23:37:02.104+0500][gc,start    ] GC(7) Pause Young (Normal) (G1 Evacuation Pause)
[2021-04-01T23:37:02.106+0500][gc,task     ] GC(7) Using 8 workers of 8 for evacuation
[2021-04-01T23:37:02.198+0500][gc,mmu      ] GC(7) MMU target violated: 21.0ms (20.0ms/21.0ms)
[2021-04-01T23:37:02.198+0500][gc,phases   ] GC(7)   Pre Evacuate Collection Set: 1.0ms
[2021-04-01T23:37:02.198+0500][gc,phases   ] GC(7)   Merge Heap Roots: 0.6ms
[2021-04-01T23:37:02.198+0500][gc,phases   ] GC(7)   Evacuate Collection Set: 85.6ms
[2021-04-01T23:37:02.198+0500][gc,phases   ] GC(7)   Post Evacuate Collection Set: 2.9ms
[2021-04-01T23:37:02.198+0500][gc,phases   ] GC(7)   Other: 5.0ms
[2021-04-01T23:37:02.199+0500][gc,heap     ] GC(7) Eden regions: 47->0(47)
[2021-04-01T23:37:02.199+0500][gc,heap     ] GC(7) Survivor regions: 4->4(7)
[2021-04-01T23:37:02.199+0500][gc,heap     ] GC(7) Old regions: 12->13
[2021-04-01T23:37:02.199+0500][gc,heap     ] GC(7) Archive regions: 2->2
[2021-04-01T23:37:02.199+0500][gc,heap     ] GC(7) Humongous regions: 129->129
[2021-04-01T23:37:02.199+0500][gc,metaspace] GC(7) Metaspace: 40218K(41292K)->40218K(41292K) NonClass: 35759K(36608K)->35759K(36608K) Class: 4459K(4684K)->4459K(4684K)
[2021-04-01T23:37:02.199+0500][gc          ] GC(7) Pause Young (Normal) (G1 Evacuation Pause) 192M->145M(1024M) 94.895ms
[2021-04-01T23:37:02.199+0500][gc,cpu      ] GC(7) User=0.04s Sys=0.04s Real=0.09s
[2021-04-01T23:37:02.423+0500][gc,start    ] GC(8) Pause Young (Normal) (G1 Evacuation Pause)
[2021-04-01T23:37:02.423+0500][gc,task     ] GC(8) Using 8 workers of 8 for evacuation
[2021-04-01T23:37:02.426+0500][gc,phases   ] GC(8)   Pre Evacuate Collection Set: 0.1ms
[2021-04-01T23:37:02.426+0500][gc,phases   ] GC(8)   Merge Heap Roots: 0.0ms
[2021-04-01T23:37:02.426+0500][gc,phases   ] GC(8)   Evacuate Collection Set: 2.0ms
[2021-04-01T23:37:02.426+0500][gc,phases   ] GC(8)   Post Evacuate Collection Set: 0.3ms
[2021-04-01T23:37:02.426+0500][gc,phases   ] GC(8)   Other: 0.1ms
[2021-04-01T23:37:02.426+0500][gc,heap     ] GC(8) Eden regions: 47->0(48)
[2021-04-01T23:37:02.426+0500][gc,heap     ] GC(8) Survivor regions: 4->3(7)
[2021-04-01T23:37:02.426+0500][gc,heap     ] GC(8) Old regions: 13->13
[2021-04-01T23:37:02.426+0500][gc,heap     ] GC(8) Archive regions: 2->2
[2021-04-01T23:37:02.426+0500][gc,heap     ] GC(8) Humongous regions: 129->129
[2021-04-01T23:37:02.426+0500][gc,metaspace] GC(8) Metaspace: 40240K(41292K)->40240K(41292K) NonClass: 35780K(36608K)->35780K(36608K) Class: 4459K(4684K)->4459K(4684K)
[2021-04-01T23:37:02.426+0500][gc          ] GC(8) Pause Young (Normal) (G1 Evacuation Pause) 192M->144M(1024M) 2.665ms
[2021-04-01T23:37:02.426+0500][gc,cpu      ] GC(8) User=0.01s Sys=0.00s Real=0.00s
[2021-04-01T23:37:02.623+0500][gc,start    ] GC(9) Pause Young (Normal) (G1 Evacuation Pause)
[2021-04-01T23:37:02.623+0500][gc,task     ] GC(9) Using 8 workers of 8 for evacuation
[2021-04-01T23:37:02.625+0500][gc,phases   ] GC(9)   Pre Evacuate Collection Set: 0.1ms
[2021-04-01T23:37:02.625+0500][gc,phases   ] GC(9)   Merge Heap Roots: 0.0ms
[2021-04-01T23:37:02.625+0500][gc,phases   ] GC(9)   Evacuate Collection Set: 2.1ms
[2021-04-01T23:37:02.625+0500][gc,phases   ] GC(9)   Post Evacuate Collection Set: 0.2ms
[2021-04-01T23:37:02.626+0500][gc,phases   ] GC(9)   Other: 0.1ms
[2021-04-01T23:37:02.626+0500][gc,heap     ] GC(9) Eden regions: 48->0(48)
[2021-04-01T23:37:02.626+0500][gc,heap     ] GC(9) Survivor regions: 3->3(7)
[2021-04-01T23:37:02.626+0500][gc,heap     ] GC(9) Old regions: 13->13
[2021-04-01T23:37:02.626+0500][gc,heap     ] GC(9) Archive regions: 2->2
[2021-04-01T23:37:02.626+0500][gc,heap     ] GC(9) Humongous regions: 129->129
[2021-04-01T23:37:02.626+0500][gc,metaspace] GC(9) Metaspace: 40240K(41292K)->40240K(41292K) NonClass: 35781K(36608K)->35781K(36608K) Class: 4459K(4684K)->4459K(4684K)
[2021-04-01T23:37:02.626+0500][gc          ] GC(9) Pause Young (Normal) (G1 Evacuation Pause) 192M->144M(1024M) 2.937ms
[2021-04-01T23:37:02.626+0500][gc,cpu      ] GC(9) User=0.01s Sys=0.00s Real=0.00s
[2021-04-01T23:37:02.794+0500][gc,start    ] GC(10) Pause Young (Normal) (G1 Evacuation Pause)
[2021-04-01T23:37:02.794+0500][gc,task     ] GC(10) Using 8 workers of 8 for evacuation
[2021-04-01T23:37:02.797+0500][gc,phases   ] GC(10)   Pre Evacuate Collection Set: 0.1ms
[2021-04-01T23:37:02.797+0500][gc,phases   ] GC(10)   Merge Heap Roots: 0.0ms
[2021-04-01T23:37:02.797+0500][gc,phases   ] GC(10)   Evacuate Collection Set: 1.5ms
[2021-04-01T23:37:02.797+0500][gc,phases   ] GC(10)   Post Evacuate Collection Set: 0.2ms
[2021-04-01T23:37:02.797+0500][gc,phases   ] GC(10)   Other: 0.4ms
[2021-04-01T23:37:02.797+0500][gc,heap     ] GC(10) Eden regions: 48->0(50)
[2021-04-01T23:37:02.797+0500][gc,heap     ] GC(10) Survivor regions: 3->3(7)
[2021-04-01T23:37:02.797+0500][gc,heap     ] GC(10) Old regions: 13->13
[2021-04-01T23:37:02.797+0500][gc,heap     ] GC(10) Archive regions: 2->2
[2021-04-01T23:37:02.797+0500][gc,heap     ] GC(10) Humongous regions: 129->129
[2021-04-01T23:37:02.797+0500][gc,metaspace] GC(10) Metaspace: 40242K(41292K)->40242K(41292K) NonClass: 35783K(36608K)->35783K(36608K) Class: 4459K(4684K)->4459K(4684K)
[2021-04-01T23:37:02.797+0500][gc          ] GC(10) Pause Young (Normal) (G1 Evacuation Pause) 192M->144M(1024M) 2.379ms
[2021-04-01T23:37:02.797+0500][gc,cpu      ] GC(10) User=0.01s Sys=0.00s Real=0.00s
[2021-04-01T23:37:02.960+0500][gc,start    ] GC(11) Pause Young (Normal) (G1 Evacuation Pause)
[2021-04-01T23:37:02.960+0500][gc,task     ] GC(11) Using 8 workers of 8 for evacuation
[2021-04-01T23:37:02.962+0500][gc,phases   ] GC(11)   Pre Evacuate Collection Set: 0.1ms
[2021-04-01T23:37:02.962+0500][gc,phases   ] GC(11)   Merge Heap Roots: 0.0ms
[2021-04-01T23:37:02.962+0500][gc,phases   ] GC(11)   Evacuate Collection Set: 2.0ms
[2021-04-01T23:37:02.962+0500][gc,phases   ] GC(11)   Post Evacuate Collection Set: 0.3ms
[2021-04-01T23:37:02.962+0500][gc,phases   ] GC(11)   Other: 0.1ms
[2021-04-01T23:37:02.962+0500][gc,heap     ] GC(11) Eden regions: 50->0(88)
[2021-04-01T23:37:02.962+0500][gc,heap     ] GC(11) Survivor regions: 3->3(7)
[2021-04-01T23:37:02.962+0500][gc,heap     ] GC(11) Old regions: 13->13
[2021-04-01T23:37:02.962+0500][gc,heap     ] GC(11) Archive regions: 2->2
[2021-04-01T23:37:02.962+0500][gc,heap     ] GC(11) Humongous regions: 129->129
[2021-04-01T23:37:02.962+0500][gc,metaspace] GC(11) Metaspace: 40246K(41292K)->40246K(41292K) NonClass: 35787K(36608K)->35787K(36608K) Class: 4459K(4684K)->4459K(4684K)
[2021-04-01T23:37:02.962+0500][gc          ] GC(11) Pause Young (Normal) (G1 Evacuation Pause) 194M->144M(1024M) 2.586ms
[2021-04-01T23:37:02.962+0500][gc,cpu      ] GC(11) User=0.01s Sys=0.00s Real=0.00s
[2021-04-01T23:37:03.289+0500][gc,start    ] GC(12) Pause Young (Normal) (G1 Evacuation Pause)
[2021-04-01T23:37:03.289+0500][gc,task     ] GC(12) Using 8 workers of 8 for evacuation
[2021-04-01T23:37:03.292+0500][gc,phases   ] GC(12)   Pre Evacuate Collection Set: 0.1ms
[2021-04-01T23:37:03.292+0500][gc,phases   ] GC(12)   Merge Heap Roots: 0.0ms
[2021-04-01T23:37:03.292+0500][gc,phases   ] GC(12)   Evacuate Collection Set: 2.4ms
[2021-04-01T23:37:03.292+0500][gc,phases   ] GC(12)   Post Evacuate Collection Set: 0.3ms
[2021-04-01T23:37:03.292+0500][gc,phases   ] GC(12)   Other: 0.2ms
[2021-04-01T23:37:03.292+0500][gc,heap     ] GC(12) Eden regions: 88->0(611)
[2021-04-01T23:37:03.292+0500][gc,heap     ] GC(12) Survivor regions: 3->3(12)
[2021-04-01T23:37:03.292+0500][gc,heap     ] GC(12) Old regions: 13->13
[2021-04-01T23:37:03.292+0500][gc,heap     ] GC(12) Archive regions: 2->2
[2021-04-01T23:37:03.292+0500][gc,heap     ] GC(12) Humongous regions: 129->129
[2021-04-01T23:37:03.292+0500][gc,metaspace] GC(12) Metaspace: 40265K(41292K)->40265K(41292K) NonClass: 35802K(36608K)->35802K(36608K) Class: 4462K(4684K)->4462K(4684K)
[2021-04-01T23:37:03.292+0500][gc          ] GC(12) Pause Young (Normal) (G1 Evacuation Pause) 232M->144M(1024M) 3.107ms
[2021-04-01T23:37:03.292+0500][gc,cpu      ] GC(12) User=0.01s Sys=0.00s Real=0.01s
