[2021-04-11T21:08:54.763-0400][gc] Using G1
[2021-04-11T21:08:54.768-0400][gc,init] Version: 16+36-sapmachine (release)
[2021-04-11T21:08:54.768-0400][gc,init] CPUs: 8 total, 8 available
[2021-04-11T21:08:54.768-0400][gc,init] Memory: 8192M
[2021-04-11T21:08:54.768-0400][gc,init] Large Page Support: Disabled
[2021-04-11T21:08:54.768-0400][gc,init] NUMA Support: Disabled
[2021-04-11T21:08:54.768-0400][gc,init] Compressed Oops: Enabled (Zero based)
[2021-04-11T21:08:54.768-0400][gc,init] Heap Region Size: 1M
[2021-04-11T21:08:54.768-0400][gc,init] Heap Min Capacity: 1G
[2021-04-11T21:08:54.768-0400][gc,init] Heap Initial Capacity: 1G
[2021-04-11T21:08:54.768-0400][gc,init] Heap Max Capacity: 1G
[2021-04-11T21:08:54.768-0400][gc,init] Pre-touch: Disabled
[2021-04-11T21:08:54.768-0400][gc,init] Parallel Workers: 8
[2021-04-11T21:08:54.768-0400][gc,init] Concurrent Workers: 2
[2021-04-11T21:08:54.768-0400][gc,init] Concurrent Refinement Workers: 8
[2021-04-11T21:08:54.768-0400][gc,init] Periodic GC: Disabled
[2021-04-11T21:08:54.768-0400][gc,metaspace] CDS archive(s) mapped at: [0x0000000800000000-0x0000000800beb000-0x0000000800beb000), size 12496896, SharedBaseAddress: 0x0000000800000000, ArchiveRelocationMode: 0.
[2021-04-11T21:08:54.768-0400][gc,metaspace] Compressed class space mapped at: 0x0000000800c00000-0x0000000840c00000, reserved size: 1073741824
[2021-04-11T21:08:54.768-0400][gc,metaspace] Narrow klass base: 0x0000000800000000, Narrow klass shift: 3, Narrow klass range: 0x100000000
[2021-04-11T21:08:56.820-0400][gc,start    ] GC(0) Pause Young (Normal) (G1 Evacuation Pause)
[2021-04-11T21:08:56.820-0400][gc,task     ] GC(0) Using 8 workers of 8 for evacuation
[2021-04-11T21:08:56.833-0400][gc,phases   ] GC(0)   Pre Evacuate Collection Set: 0.3ms
[2021-04-11T21:08:56.833-0400][gc,phases   ] GC(0)   Merge Heap Roots: 0.0ms
[2021-04-11T21:08:56.833-0400][gc,phases   ] GC(0)   Evacuate Collection Set: 11.0ms
[2021-04-11T21:08:56.833-0400][gc,phases   ] GC(0)   Post Evacuate Collection Set: 0.7ms
[2021-04-11T21:08:56.833-0400][gc,phases   ] GC(0)   Other: 0.7ms
[2021-04-11T21:08:56.833-0400][gc,heap     ] GC(0) Eden regions: 51->0(44)
[2021-04-11T21:08:56.833-0400][gc,heap     ] GC(0) Survivor regions: 0->7(7)
[2021-04-11T21:08:56.833-0400][gc,heap     ] GC(0) Old regions: 0->0
[2021-04-11T21:08:56.833-0400][gc,heap     ] GC(0) Archive regions: 2->2
[2021-04-11T21:08:56.833-0400][gc,heap     ] GC(0) Humongous regions: 0->0
[2021-04-11T21:08:56.833-0400][gc,metaspace] GC(0) Metaspace: 18894K(19072K)->18894K(19072K) NonClass: 16680K(16768K)->16680K(16768K) Class: 2213K(2304K)->2213K(2304K)
[2021-04-11T21:08:56.833-0400][gc          ] GC(0) Pause Young (Normal) (G1 Evacuation Pause) 51M->7M(1024M) 12.926ms
[2021-04-11T21:08:56.833-0400][gc,cpu      ] GC(0) User=0.02s Sys=0.01s Real=0.01s
[2021-04-11T21:08:57.051-0400][gc,start    ] GC(1) Pause Young (Concurrent Start) (Metadata GC Threshold)
[2021-04-11T21:08:57.051-0400][gc,task     ] GC(1) Using 8 workers of 8 for evacuation
[2021-04-11T21:08:57.063-0400][gc,phases   ] GC(1)   Pre Evacuate Collection Set: 0.1ms
[2021-04-11T21:08:57.063-0400][gc,phases   ] GC(1)   Merge Heap Roots: 0.0ms
[2021-04-11T21:08:57.063-0400][gc,phases   ] GC(1)   Evacuate Collection Set: 10.9ms
[2021-04-11T21:08:57.063-0400][gc,phases   ] GC(1)   Post Evacuate Collection Set: 0.3ms
[2021-04-11T21:08:57.063-0400][gc,phases   ] GC(1)   Other: 0.2ms
[2021-04-11T21:08:57.063-0400][gc,heap     ] GC(1) Eden regions: 10->0(49)
[2021-04-11T21:08:57.063-0400][gc,heap     ] GC(1) Survivor regions: 7->2(7)
[2021-04-11T21:08:57.063-0400][gc,heap     ] GC(1) Old regions: 0->7
[2021-04-11T21:08:57.063-0400][gc,heap     ] GC(1) Archive regions: 2->2
[2021-04-11T21:08:57.063-0400][gc,heap     ] GC(1) Humongous regions: 129->129
[2021-04-11T21:08:57.063-0400][gc,metaspace] GC(1) Metaspace: 21032K(21248K)->21032K(21248K) NonClass: 18589K(18688K)->18589K(18688K) Class: 2442K(2560K)->2442K(2560K)
[2021-04-11T21:08:57.063-0400][gc          ] GC(1) Pause Young (Concurrent Start) (Metadata GC Threshold) 146M->138M(1024M) 11.599ms
[2021-04-11T21:08:57.063-0400][gc,cpu      ] GC(1) User=0.02s Sys=0.01s Real=0.01s
[2021-04-11T21:08:57.063-0400][gc          ] GC(2) Concurrent Mark Cycle
[2021-04-11T21:08:57.063-0400][gc,marking  ] GC(2) Concurrent Clear Claimed Marks
[2021-04-11T21:08:57.063-0400][gc,marking  ] GC(2) Concurrent Clear Claimed Marks 0.017ms
[2021-04-11T21:08:57.063-0400][gc,marking  ] GC(2) Concurrent Scan Root Regions
[2021-04-11T21:08:57.066-0400][gc,marking  ] GC(2) Concurrent Scan Root Regions 2.719ms
[2021-04-11T21:08:57.068-0400][gc,marking  ] GC(2) Concurrent Mark
[2021-04-11T21:08:57.068-0400][gc,marking  ] GC(2) Concurrent Mark From Roots
[2021-04-11T21:08:57.068-0400][gc,task     ] GC(2) Using 2 workers of 2 for marking
[2021-04-11T21:08:57.070-0400][gc,marking  ] GC(2) Concurrent Mark From Roots 1.577ms
[2021-04-11T21:08:57.070-0400][gc,marking  ] GC(2) Concurrent Preclean
[2021-04-11T21:08:57.070-0400][gc,marking  ] GC(2) Concurrent Preclean 0.025ms
[2021-04-11T21:08:57.070-0400][gc,start    ] GC(2) Pause Remark
[2021-04-11T21:08:57.076-0400][gc          ] GC(2) Pause Remark 138M->138M(1024M) 6.464ms
[2021-04-11T21:08:57.076-0400][gc,cpu      ] GC(2) User=0.01s Sys=0.00s Real=0.00s
[2021-04-11T21:08:57.077-0400][gc,marking  ] GC(2) Concurrent Mark 8.886ms
[2021-04-11T21:08:57.077-0400][gc,marking  ] GC(2) Concurrent Rebuild Remembered Sets
[2021-04-11T21:08:57.079-0400][gc,marking  ] GC(2) Concurrent Rebuild Remembered Sets 1.652ms
[2021-04-11T21:08:57.079-0400][gc,start    ] GC(2) Pause Cleanup
[2021-04-11T21:08:57.079-0400][gc          ] GC(2) Pause Cleanup 138M->138M(1024M) 0.138ms
[2021-04-11T21:08:57.079-0400][gc,cpu      ] GC(2) User=0.01s Sys=0.00s Real=0.00s
[2021-04-11T21:08:57.079-0400][gc,marking  ] GC(2) Concurrent Cleanup for Next Mark
[2021-04-11T21:08:57.082-0400][gc,marking  ] GC(2) Concurrent Cleanup for Next Mark 3.314ms
[2021-04-11T21:08:57.082-0400][gc          ] GC(2) Concurrent Mark Cycle 19.343ms
[2021-04-11T21:08:58.566-0400][gc,start    ] GC(3) Pause Young (Normal) (G1 Evacuation Pause)
[2021-04-11T21:08:58.566-0400][gc,task     ] GC(3) Using 8 workers of 8 for evacuation
[2021-04-11T21:08:58.569-0400][gc,phases   ] GC(3)   Pre Evacuate Collection Set: 0.1ms
[2021-04-11T21:08:58.569-0400][gc,phases   ] GC(3)   Merge Heap Roots: 0.1ms
[2021-04-11T21:08:58.569-0400][gc,phases   ] GC(3)   Evacuate Collection Set: 2.6ms
[2021-04-11T21:08:58.569-0400][gc,phases   ] GC(3)   Post Evacuate Collection Set: 0.3ms
[2021-04-11T21:08:58.569-0400][gc,phases   ] GC(3)   Other: 0.1ms
[2021-04-11T21:08:58.569-0400][gc,heap     ] GC(3) Eden regions: 49->0(45)
[2021-04-11T21:08:58.569-0400][gc,heap     ] GC(3) Survivor regions: 2->6(7)
[2021-04-11T21:08:58.569-0400][gc,heap     ] GC(3) Old regions: 7->7
[2021-04-11T21:08:58.569-0400][gc,heap     ] GC(3) Archive regions: 2->2
[2021-04-11T21:08:58.569-0400][gc,heap     ] GC(3) Humongous regions: 129->129
[2021-04-11T21:08:58.569-0400][gc,metaspace] GC(3) Metaspace: 33324K(33600K)->33324K(33600K) NonClass: 29731K(29888K)->29731K(29888K) Class: 3592K(3712K)->3592K(3712K)
[2021-04-11T21:08:58.569-0400][gc          ] GC(3) Pause Young (Normal) (G1 Evacuation Pause) 187M->141M(1024M) 3.253ms
[2021-04-11T21:08:58.569-0400][gc,cpu      ] GC(3) User=0.02s Sys=0.00s Real=0.00s
[2021-04-11T21:14:28.858-0400][gc,start    ] GC(4) Pause Young (Concurrent Start) (Metadata GC Threshold)
[2021-04-11T21:14:28.858-0400][gc,task     ] GC(4) Using 8 workers of 8 for evacuation
[2021-04-11T21:14:28.868-0400][gc,phases   ] GC(4)   Pre Evacuate Collection Set: 0.5ms
[2021-04-11T21:14:28.868-0400][gc,phases   ] GC(4)   Merge Heap Roots: 0.1ms
[2021-04-11T21:14:28.868-0400][gc,phases   ] GC(4)   Evacuate Collection Set: 7.5ms
[2021-04-11T21:14:28.868-0400][gc,phases   ] GC(4)   Post Evacuate Collection Set: 0.6ms
[2021-04-11T21:14:28.868-0400][gc,phases   ] GC(4)   Other: 0.7ms
[2021-04-11T21:14:28.868-0400][gc,heap     ] GC(4) Eden regions: 17->0(49)
[2021-04-11T21:14:28.868-0400][gc,heap     ] GC(4) Survivor regions: 6->2(7)
[2021-04-11T21:14:28.868-0400][gc,heap     ] GC(4) Old regions: 7->12
[2021-04-11T21:14:28.868-0400][gc,heap     ] GC(4) Archive regions: 2->2
[2021-04-11T21:14:28.868-0400][gc,heap     ] GC(4) Humongous regions: 129->129
[2021-04-11T21:14:28.868-0400][gc,metaspace] GC(4) Metaspace: 35244K(35520K)->35244K(35520K) NonClass: 31404K(31552K)->31404K(31552K) Class: 3840K(3968K)->3840K(3968K)
[2021-04-11T21:14:28.868-0400][gc          ] GC(4) Pause Young (Concurrent Start) (Metadata GC Threshold) 158M->143M(1024M) 9.877ms
[2021-04-11T21:14:28.868-0400][gc,cpu      ] GC(4) User=0.02s Sys=0.02s Real=0.01s
[2021-04-11T21:14:28.868-0400][gc          ] GC(5) Concurrent Mark Cycle
[2021-04-11T21:14:28.868-0400][gc,marking  ] GC(5) Concurrent Clear Claimed Marks
[2021-04-11T21:14:28.868-0400][gc,marking  ] GC(5) Concurrent Clear Claimed Marks 0.022ms
[2021-04-11T21:14:28.868-0400][gc,marking  ] GC(5) Concurrent Scan Root Regions
[2021-04-11T21:14:28.870-0400][gc,marking  ] GC(5) Concurrent Scan Root Regions 2.128ms
[2021-04-11T21:14:28.870-0400][gc,marking  ] GC(5) Concurrent Mark
[2021-04-11T21:14:28.870-0400][gc,marking  ] GC(5) Concurrent Mark From Roots
[2021-04-11T21:14:28.870-0400][gc,task     ] GC(5) Using 2 workers of 2 for marking
[2021-04-11T21:14:28.880-0400][gc,marking  ] GC(5) Concurrent Mark From Roots 9.431ms
[2021-04-11T21:14:28.880-0400][gc,marking  ] GC(5) Concurrent Preclean
[2021-04-11T21:14:28.882-0400][gc,marking  ] GC(5) Concurrent Preclean 2.450ms
[2021-04-11T21:14:28.883-0400][gc,start    ] GC(5) Pause Remark
[2021-04-11T21:14:28.901-0400][gc          ] GC(5) Pause Remark 143M->143M(1024M) 17.841ms
[2021-04-11T21:14:28.901-0400][gc,cpu      ] GC(5) User=0.03s Sys=0.02s Real=0.02s
[2021-04-11T21:14:28.901-0400][gc,marking  ] GC(5) Concurrent Mark 30.399ms
[2021-04-11T21:14:28.901-0400][gc,marking  ] GC(5) Concurrent Rebuild Remembered Sets
[2021-04-11T21:14:28.905-0400][gc,marking  ] GC(5) Concurrent Rebuild Remembered Sets 4.221ms
[2021-04-11T21:14:28.905-0400][gc,start    ] GC(5) Pause Cleanup
[2021-04-11T21:14:28.905-0400][gc          ] GC(5) Pause Cleanup 143M->143M(1024M) 0.125ms
[2021-04-11T21:14:28.905-0400][gc,cpu      ] GC(5) User=0.00s Sys=0.00s Real=0.00s
[2021-04-11T21:14:28.905-0400][gc,marking  ] GC(5) Concurrent Cleanup for Next Mark
[2021-04-11T21:14:28.911-0400][gc,marking  ] GC(5) Concurrent Cleanup for Next Mark 5.352ms
[2021-04-11T21:14:28.911-0400][gc          ] GC(5) Concurrent Mark Cycle 42.823ms
[2021-04-11T21:26:59.532-0400][gc,start    ] GC(6) Pause Young (Normal) (G1 Evacuation Pause)
[2021-04-11T21:26:59.533-0400][gc,task     ] GC(6) Using 8 workers of 8 for evacuation
[2021-04-11T21:26:59.618-0400][gc,mmu      ] GC(6) MMU target violated: 21.0ms (20.0ms/21.0ms)
[2021-04-11T21:26:59.618-0400][gc,phases   ] GC(6)   Pre Evacuate Collection Set: 8.9ms
[2021-04-11T21:26:59.618-0400][gc,phases   ] GC(6)   Merge Heap Roots: 2.2ms
[2021-04-11T21:26:59.618-0400][gc,phases   ] GC(6)   Evacuate Collection Set: 71.9ms
[2021-04-11T21:26:59.618-0400][gc,phases   ] GC(6)   Post Evacuate Collection Set: 2.0ms
[2021-04-11T21:26:59.618-0400][gc,phases   ] GC(6)   Other: 3.0ms
[2021-04-11T21:26:59.618-0400][gc,heap     ] GC(6) Eden regions: 49->0(47)
[2021-04-11T21:26:59.618-0400][gc,heap     ] GC(6) Survivor regions: 2->4(7)
[2021-04-11T21:26:59.618-0400][gc,heap     ] GC(6) Old regions: 12->12
[2021-04-11T21:26:59.618-0400][gc,heap     ] GC(6) Archive regions: 2->2
[2021-04-11T21:26:59.618-0400][gc,heap     ] GC(6) Humongous regions: 129->129
[2021-04-11T21:26:59.618-0400][gc,metaspace] GC(6) Metaspace: 39203K(39680K)->39203K(39680K) NonClass: 34861K(35136K)->34861K(35136K) Class: 4341K(4544K)->4341K(4544K)
[2021-04-11T21:26:59.618-0400][gc          ] GC(6) Pause Young (Normal) (G1 Evacuation Pause) 192M->144M(1024M) 86.152ms
[2021-04-11T21:26:59.618-0400][gc,cpu      ] GC(6) User=0.04s Sys=0.12s Real=0.08s
[2021-04-11T22:00:24.585-0400][gc,start    ] GC(7) Pause Young (Normal) (G1 Evacuation Pause)
[2021-04-11T22:00:24.586-0400][gc,task     ] GC(7) Using 8 workers of 8 for evacuation
[2021-04-11T22:00:24.651-0400][gc,mmu      ] GC(7) MMU target violated: 21.0ms (20.0ms/21.0ms)
[2021-04-11T22:00:24.652-0400][gc,phases   ] GC(7)   Pre Evacuate Collection Set: 2.4ms
[2021-04-11T22:00:24.652-0400][gc,phases   ] GC(7)   Merge Heap Roots: 1.7ms
[2021-04-11T22:00:24.652-0400][gc,phases   ] GC(7)   Evacuate Collection Set: 53.6ms
[2021-04-11T22:00:24.652-0400][gc,phases   ] GC(7)   Post Evacuate Collection Set: 5.5ms
[2021-04-11T22:00:24.652-0400][gc,phases   ] GC(7)   Other: 4.7ms
[2021-04-11T22:00:24.652-0400][gc,heap     ] GC(7) Eden regions: 47->0(48)
[2021-04-11T22:00:24.652-0400][gc,heap     ] GC(7) Survivor regions: 4->3(7)
[2021-04-11T22:00:24.652-0400][gc,heap     ] GC(7) Old regions: 12->12
[2021-04-11T22:00:24.652-0400][gc,heap     ] GC(7) Archive regions: 2->2
[2021-04-11T22:00:24.652-0400][gc,heap     ] GC(7) Humongous regions: 129->129
[2021-04-11T22:00:24.653-0400][gc,metaspace] GC(7) Metaspace: 39616K(40064K)->39616K(40064K) NonClass: 35271K(35520K)->35271K(35520K) Class: 4344K(4544K)->4344K(4544K)
[2021-04-11T22:00:24.654-0400][gc          ] GC(7) Pause Young (Normal) (G1 Evacuation Pause) 191M->144M(1024M) 69.160ms
[2021-04-11T22:00:24.654-0400][gc,cpu      ] GC(7) User=0.05s Sys=0.06s Real=0.07s
