[2021-04-11T21:08:54.763-0400][gc] Using G1
[2021-04-11T21:08:54.768-0400][gc,init] Version: 16+36-sapmachine (release)
[2021-04-11T21:08:54.768-0400][gc,init] CPUs: 8 total, 8 available
[2021-04-11T21:08:54.768-0400][gc,init] Memory: 8192M
[2021-04-11T21:08:54.768-0400][gc,init] Large Page Support: Disabled
[2021-04-11T21:08:54.768-0400][gc,init] NUMA Support: Disabled
[2021-04-11T21:08:54.768-0400][gc,init] Compressed Oops: Enabled (Zero based)
[2021-04-11T21:08:54.768-0400][gc,init] Heap Region Size: 1M
[2021-04-11T21:08:54.768-0400][gc,init] Heap Min Capacity: 1G
[2021-04-11T21:08:54.768-0400][gc,init] Heap Initial Capacity: 1G
[2021-04-11T21:08:54.768-0400][gc,init] Heap Max Capacity: 1G
[2021-04-11T21:08:54.768-0400][gc,init] Pre-touch: Disabled
[2021-04-11T21:08:54.768-0400][gc,init] Parallel Workers: 8
[2021-04-11T21:08:54.768-0400][gc,init] Concurrent Workers: 2
[2021-04-11T21:08:54.768-0400][gc,init] Concurrent Refinement Workers: 8
[2021-04-11T21:08:54.768-0400][gc,init] Periodic GC: Disabled
[2021-04-11T21:08:54.768-0400][gc,metaspace] CDS archive(s) mapped at: [0x0000000800000000-0x0000000800beb000-0x0000000800beb000), size 12496896, SharedBaseAddress: 0x0000000800000000, ArchiveRelocationMode: 0.
[2021-04-11T21:08:54.768-0400][gc,metaspace] Compressed class space mapped at: 0x0000000800c00000-0x0000000840c00000, reserved size: 1073741824
[2021-04-11T21:08:54.768-0400][gc,metaspace] Narrow klass base: 0x0000000800000000, Narrow klass shift: 3, Narrow klass range: 0x100000000
[2021-04-11T21:08:56.820-0400][gc,start    ] GC(0) Pause Young (Normal) (G1 Evacuation Pause)
[2021-04-11T21:08:56.820-0400][gc,task     ] GC(0) Using 8 workers of 8 for evacuation
[2021-04-11T21:08:56.833-0400][gc,phases   ] GC(0)   Pre Evacuate Collection Set: 0.3ms
[2021-04-11T21:08:56.833-0400][gc,phases   ] GC(0)   Merge Heap Roots: 0.0ms
[2021-04-11T21:08:56.833-0400][gc,phases   ] GC(0)   Evacuate Collection Set: 11.0ms
[2021-04-11T21:08:56.833-0400][gc,phases   ] GC(0)   Post Evacuate Collection Set: 0.7ms
[2021-04-11T21:08:56.833-0400][gc,phases   ] GC(0)   Other: 0.7ms
[2021-04-11T21:08:56.833-0400][gc,heap     ] GC(0) Eden regions: 51->0(44)
[2021-04-11T21:08:56.833-0400][gc,heap     ] GC(0) Survivor regions: 0->7(7)
[2021-04-11T21:08:56.833-0400][gc,heap     ] GC(0) Old regions: 0->0
[2021-04-11T21:08:56.833-0400][gc,heap     ] GC(0) Archive regions: 2->2
[2021-04-11T21:08:56.833-0400][gc,heap     ] GC(0) Humongous regions: 0->0
[2021-04-11T21:08:56.833-0400][gc,metaspace] GC(0) Metaspace: 18894K(19072K)->18894K(19072K) NonClass: 16680K(16768K)->16680K(16768K) Class: 2213K(2304K)->2213K(2304K)
[2021-04-11T21:08:56.833-0400][gc          ] GC(0) Pause Young (Normal) (G1 Evacuation Pause) 51M->7M(1024M) 12.926ms
[2021-04-11T21:08:56.833-0400][gc,cpu      ] GC(0) User=0.02s Sys=0.01s Real=0.01s
[2021-04-11T21:08:57.051-0400][gc,start    ] GC(1) Pause Young (Concurrent Start) (Metadata GC Threshold)
[2021-04-11T21:08:57.051-0400][gc,task     ] GC(1) Using 8 workers of 8 for evacuation
[2021-04-11T21:08:57.063-0400][gc,phases   ] GC(1)   Pre Evacuate Collection Set: 0.1ms
[2021-04-11T21:08:57.063-0400][gc,phases   ] GC(1)   Merge Heap Roots: 0.0ms
[2021-04-11T21:08:57.063-0400][gc,phases   ] GC(1)   Evacuate Collection Set: 10.9ms
[2021-04-11T21:08:57.063-0400][gc,phases   ] GC(1)   Post Evacuate Collection Set: 0.3ms
[2021-04-11T21:08:57.063-0400][gc,phases   ] GC(1)   Other: 0.2ms
[2021-04-11T21:08:57.063-0400][gc,heap     ] GC(1) Eden regions: 10->0(49)
[2021-04-11T21:08:57.063-0400][gc,heap     ] GC(1) Survivor regions: 7->2(7)
[2021-04-11T21:08:57.063-0400][gc,heap     ] GC(1) Old regions: 0->7
[2021-04-11T21:08:57.063-0400][gc,heap     ] GC(1) Archive regions: 2->2
[2021-04-11T21:08:57.063-0400][gc,heap     ] GC(1) Humongous regions: 129->129
[2021-04-11T21:08:57.063-0400][gc,metaspace] GC(1) Metaspace: 21032K(21248K)->21032K(21248K) NonClass: 18589K(18688K)->18589K(18688K) Class: 2442K(2560K)->2442K(2560K)
[2021-04-11T21:08:57.063-0400][gc          ] GC(1) Pause Young (Concurrent Start) (Metadata GC Threshold) 146M->138M(1024M) 11.599ms
[2021-04-11T21:08:57.063-0400][gc,cpu      ] GC(1) User=0.02s Sys=0.01s Real=0.01s
[2021-04-11T21:08:57.063-0400][gc          ] GC(2) Concurrent Mark Cycle
[2021-04-11T21:08:57.063-0400][gc,marking  ] GC(2) Concurrent Clear Claimed Marks
[2021-04-11T21:08:57.063-0400][gc,marking  ] GC(2) Concurrent Clear Claimed Marks 0.017ms
[2021-04-11T21:08:57.063-0400][gc,marking  ] GC(2) Concurrent Scan Root Regions
[2021-04-11T21:08:57.066-0400][gc,marking  ] GC(2) Concurrent Scan Root Regions 2.719ms
[2021-04-11T21:08:57.068-0400][gc,marking  ] GC(2) Concurrent Mark
[2021-04-11T21:08:57.068-0400][gc,marking  ] GC(2) Concurrent Mark From Roots
[2021-04-11T21:08:57.068-0400][gc,task     ] GC(2) Using 2 workers of 2 for marking
[2021-04-11T21:08:57.070-0400][gc,marking  ] GC(2) Concurrent Mark From Roots 1.577ms
[2021-04-11T21:08:57.070-0400][gc,marking  ] GC(2) Concurrent Preclean
[2021-04-11T21:08:57.070-0400][gc,marking  ] GC(2) Concurrent Preclean 0.025ms
[2021-04-11T21:08:57.070-0400][gc,start    ] GC(2) Pause Remark
[2021-04-11T21:08:57.076-0400][gc          ] GC(2) Pause Remark 138M->138M(1024M) 6.464ms
[2021-04-11T21:08:57.076-0400][gc,cpu      ] GC(2) User=0.01s Sys=0.00s Real=0.00s
[2021-04-11T21:08:57.077-0400][gc,marking  ] GC(2) Concurrent Mark 8.886ms
[2021-04-11T21:08:57.077-0400][gc,marking  ] GC(2) Concurrent Rebuild Remembered Sets
[2021-04-11T21:08:57.079-0400][gc,marking  ] GC(2) Concurrent Rebuild Remembered Sets 1.652ms
[2021-04-11T21:08:57.079-0400][gc,start    ] GC(2) Pause Cleanup
[2021-04-11T21:08:57.079-0400][gc          ] GC(2) Pause Cleanup 138M->138M(1024M) 0.138ms
[2021-04-11T21:08:57.079-0400][gc,cpu      ] GC(2) User=0.01s Sys=0.00s Real=0.00s
[2021-04-11T21:08:57.079-0400][gc,marking  ] GC(2) Concurrent Cleanup for Next Mark
[2021-04-11T21:08:57.082-0400][gc,marking  ] GC(2) Concurrent Cleanup for Next Mark 3.314ms
[2021-04-11T21:08:57.082-0400][gc          ] GC(2) Concurrent Mark Cycle 19.343ms
[2021-04-11T21:08:58.566-0400][gc,start    ] GC(3) Pause Young (Normal) (G1 Evacuation Pause)
[2021-04-11T21:08:58.566-0400][gc,task     ] GC(3) Using 8 workers of 8 for evacuation
[2021-04-11T21:08:58.569-0400][gc,phases   ] GC(3)   Pre Evacuate Collection Set: 0.1ms
[2021-04-11T21:08:58.569-0400][gc,phases   ] GC(3)   Merge Heap Roots: 0.1ms
[2021-04-11T21:08:58.569-0400][gc,phases   ] GC(3)   Evacuate Collection Set: 2.6ms
[2021-04-11T21:08:58.569-0400][gc,phases   ] GC(3)   Post Evacuate Collection Set: 0.3ms
[2021-04-11T21:08:58.569-0400][gc,phases   ] GC(3)   Other: 0.1ms
[2021-04-11T21:08:58.569-0400][gc,heap     ] GC(3) Eden regions: 49->0(45)
[2021-04-11T21:08:58.569-0400][gc,heap     ] GC(3) Survivor regions: 2->6(7)
[2021-04-11T21:08:58.569-0400][gc,heap     ] GC(3) Old regions: 7->7
[2021-04-11T21:08:58.569-0400][gc,heap     ] GC(3) Archive regions: 2->2
[2021-04-11T21:08:58.569-0400][gc,heap     ] GC(3) Humongous regions: 129->129
[2021-04-11T21:08:58.569-0400][gc,metaspace] GC(3) Metaspace: 33324K(33600K)->33324K(33600K) NonClass: 29731K(29888K)->29731K(29888K) Class: 3592K(3712K)->3592K(3712K)
[2021-04-11T21:08:58.569-0400][gc          ] GC(3) Pause Young (Normal) (G1 Evacuation Pause) 187M->141M(1024M) 3.253ms
[2021-04-11T21:08:58.569-0400][gc,cpu      ] GC(3) User=0.02s Sys=0.00s Real=0.00s
[2021-04-11T21:14:28.858-0400][gc,start    ] GC(4) Pause Young (Concurrent Start) (Metadata GC Threshold)
[2021-04-11T21:14:28.858-0400][gc,task     ] GC(4) Using 8 workers of 8 for evacuation
[2021-04-11T21:14:28.868-0400][gc,phases   ] GC(4)   Pre Evacuate Collection Set: 0.5ms
[2021-04-11T21:14:28.868-0400][gc,phases   ] GC(4)   Merge Heap Roots: 0.1ms
[2021-04-11T21:14:28.868-0400][gc,phases   ] GC(4)   Evacuate Collection Set: 7.5ms
[2021-04-11T21:14:28.868-0400][gc,phases   ] GC(4)   Post Evacuate Collection Set: 0.6ms
[2021-04-11T21:14:28.868-0400][gc,phases   ] GC(4)   Other: 0.7ms
[2021-04-11T21:14:28.868-0400][gc,heap     ] GC(4) Eden regions: 17->0(49)
[2021-04-11T21:14:28.868-0400][gc,heap     ] GC(4) Survivor regions: 6->2(7)
[2021-04-11T21:14:28.868-0400][gc,heap     ] GC(4) Old regions: 7->12
[2021-04-11T21:14:28.868-0400][gc,heap     ] GC(4) Archive regions: 2->2
[2021-04-11T21:14:28.868-0400][gc,heap     ] GC(4) Humongous regions: 129->129
[2021-04-11T21:14:28.868-0400][gc,metaspace] GC(4) Metaspace: 35244K(35520K)->35244K(35520K) NonClass: 31404K(31552K)->31404K(31552K) Class: 3840K(3968K)->3840K(3968K)
[2021-04-11T21:14:28.868-0400][gc          ] GC(4) Pause Young (Concurrent Start) (Metadata GC Threshold) 158M->143M(1024M) 9.877ms
[2021-04-11T21:14:28.868-0400][gc,cpu      ] GC(4) User=0.02s Sys=0.02s Real=0.01s
[2021-04-11T21:14:28.868-0400][gc          ] GC(5) Concurrent Mark Cycle
[2021-04-11T21:14:28.868-0400][gc,marking  ] GC(5) Concurrent Clear Claimed Marks
[2021-04-11T21:14:28.868-0400][gc,marking  ] GC(5) Concurrent Clear Claimed Marks 0.022ms
[2021-04-11T21:14:28.868-0400][gc,marking  ] GC(5) Concurrent Scan Root Regions
[2021-04-11T21:14:28.870-0400][gc,marking  ] GC(5) Concurrent Scan Root Regions 2.128ms
[2021-04-11T21:14:28.870-0400][gc,marking  ] GC(5) Concurrent Mark
[2021-04-11T21:14:28.870-0400][gc,marking  ] GC(5) Concurrent Mark From Roots
[2021-04-11T21:14:28.870-0400][gc,task     ] GC(5) Using 2 workers of 2 for marking
[2021-04-11T21:14:28.880-0400][gc,marking  ] GC(5) Concurrent Mark From Roots 9.431ms
[2021-04-11T21:14:28.880-0400][gc,marking  ] GC(5) Concurrent Preclean
[2021-04-11T21:14:28.882-0400][gc,marking  ] GC(5) Concurrent Preclean 2.450ms
[2021-04-11T21:14:28.883-0400][gc,start    ] GC(5) Pause Remark
[2021-04-11T21:14:28.901-0400][gc          ] GC(5) Pause Remark 143M->143M(1024M) 17.841ms
[2021-04-11T21:14:28.901-0400][gc,cpu      ] GC(5) User=0.03s Sys=0.02s Real=0.02s
[2021-04-11T21:14:28.901-0400][gc,marking  ] GC(5) Concurrent Mark 30.399ms
[2021-04-11T21:14:28.901-0400][gc,marking  ] GC(5) Concurrent Rebuild Remembered Sets
[2021-04-11T21:14:28.905-0400][gc,marking  ] GC(5) Concurrent Rebuild Remembered Sets 4.221ms
[2021-04-11T21:14:28.905-0400][gc,start    ] GC(5) Pause Cleanup
[2021-04-11T21:14:28.905-0400][gc          ] GC(5) Pause Cleanup 143M->143M(1024M) 0.125ms
[2021-04-11T21:14:28.905-0400][gc,cpu      ] GC(5) User=0.00s Sys=0.00s Real=0.00s
[2021-04-11T21:14:28.905-0400][gc,marking  ] GC(5) Concurrent Cleanup for Next Mark
[2021-04-11T21:14:28.911-0400][gc,marking  ] GC(5) Concurrent Cleanup for Next Mark 5.352ms
[2021-04-11T21:14:28.911-0400][gc          ] GC(5) Concurrent Mark Cycle 42.823ms
[2021-04-11T21:26:59.532-0400][gc,start    ] GC(6) Pause Young (Normal) (G1 Evacuation Pause)
[2021-04-11T21:26:59.533-0400][gc,task     ] GC(6) Using 8 workers of 8 for evacuation
[2021-04-11T21:26:59.618-0400][gc,mmu      ] GC(6) MMU target violated: 21.0ms (20.0ms/21.0ms)
[2021-04-11T21:26:59.618-0400][gc,phases   ] GC(6)   Pre Evacuate Collection Set: 8.9ms
[2021-04-11T21:26:59.618-0400][gc,phases   ] GC(6)   Merge Heap Roots: 2.2ms
[2021-04-11T21:26:59.618-0400][gc,phases   ] GC(6)   Evacuate Collection Set: 71.9ms
[2021-04-11T21:26:59.618-0400][gc,phases   ] GC(6)   Post Evacuate Collection Set: 2.0ms
[2021-04-11T21:26:59.618-0400][gc,phases   ] GC(6)   Other: 3.0ms
[2021-04-11T21:26:59.618-0400][gc,heap     ] GC(6) Eden regions: 49->0(47)
[2021-04-11T21:26:59.618-0400][gc,heap     ] GC(6) Survivor regions: 2->4(7)
[2021-04-11T21:26:59.618-0400][gc,heap     ] GC(6) Old regions: 12->12
[2021-04-11T21:26:59.618-0400][gc,heap     ] GC(6) Archive regions: 2->2
[2021-04-11T21:26:59.618-0400][gc,heap     ] GC(6) Humongous regions: 129->129
[2021-04-11T21:26:59.618-0400][gc,metaspace] GC(6) Metaspace: 39203K(39680K)->39203K(39680K) NonClass: 34861K(35136K)->34861K(35136K) Class: 4341K(4544K)->4341K(4544K)
[2021-04-11T21:26:59.618-0400][gc          ] GC(6) Pause Young (Normal) (G1 Evacuation Pause) 192M->144M(1024M) 86.152ms
[2021-04-11T21:26:59.618-0400][gc,cpu      ] GC(6) User=0.04s Sys=0.12s Real=0.08s
[2021-04-11T22:00:24.585-0400][gc,start    ] GC(7) Pause Young (Normal) (G1 Evacuation Pause)
[2021-04-11T22:00:24.586-0400][gc,task     ] GC(7) Using 8 workers of 8 for evacuation
[2021-04-11T22:00:24.651-0400][gc,mmu      ] GC(7) MMU target violated: 21.0ms (20.0ms/21.0ms)
[2021-04-11T22:00:24.652-0400][gc,phases   ] GC(7)   Pre Evacuate Collection Set: 2.4ms
[2021-04-11T22:00:24.652-0400][gc,phases   ] GC(7)   Merge Heap Roots: 1.7ms
[2021-04-11T22:00:24.652-0400][gc,phases   ] GC(7)   Evacuate Collection Set: 53.6ms
[2021-04-11T22:00:24.652-0400][gc,phases   ] GC(7)   Post Evacuate Collection Set: 5.5ms
[2021-04-11T22:00:24.652-0400][gc,phases   ] GC(7)   Other: 4.7ms
[2021-04-11T22:00:24.652-0400][gc,heap     ] GC(7) Eden regions: 47->0(48)
[2021-04-11T22:00:24.652-0400][gc,heap     ] GC(7) Survivor regions: 4->3(7)
[2021-04-11T22:00:24.652-0400][gc,heap     ] GC(7) Old regions: 12->12
[2021-04-11T22:00:24.652-0400][gc,heap     ] GC(7) Archive regions: 2->2
[2021-04-11T22:00:24.652-0400][gc,heap     ] GC(7) Humongous regions: 129->129
[2021-04-11T22:00:24.653-0400][gc,metaspace] GC(7) Metaspace: 39616K(40064K)->39616K(40064K) NonClass: 35271K(35520K)->35271K(35520K) Class: 4344K(4544K)->4344K(4544K)
[2021-04-11T22:00:24.654-0400][gc          ] GC(7) Pause Young (Normal) (G1 Evacuation Pause) 191M->144M(1024M) 69.160ms
[2021-04-11T22:00:24.654-0400][gc,cpu      ] GC(7) User=0.05s Sys=0.06s Real=0.07s
[2021-04-11T22:22:20.234-0400][gc,start    ] GC(8) Pause Young (Normal) (G1 Evacuation Pause)
[2021-04-11T22:22:20.235-0400][gc,task     ] GC(8) Using 8 workers of 8 for evacuation
[2021-04-11T22:22:20.314-0400][gc,mmu      ] GC(8) MMU target violated: 21.0ms (20.0ms/21.0ms)
[2021-04-11T22:22:20.314-0400][gc,phases   ] GC(8)   Pre Evacuate Collection Set: 2.9ms
[2021-04-11T22:22:20.314-0400][gc,phases   ] GC(8)   Merge Heap Roots: 1.4ms
[2021-04-11T22:22:20.314-0400][gc,phases   ] GC(8)   Evacuate Collection Set: 71.2ms
[2021-04-11T22:22:20.314-0400][gc,phases   ] GC(8)   Post Evacuate Collection Set: 1.9ms
[2021-04-11T22:22:20.314-0400][gc,phases   ] GC(8)   Other: 5.9ms
[2021-04-11T22:22:20.314-0400][gc,heap     ] GC(8) Eden regions: 48->0(47)
[2021-04-11T22:22:20.314-0400][gc,heap     ] GC(8) Survivor regions: 3->4(7)
[2021-04-11T22:22:20.314-0400][gc,heap     ] GC(8) Old regions: 12->12
[2021-04-11T22:22:20.314-0400][gc,heap     ] GC(8) Archive regions: 2->2
[2021-04-11T22:22:20.314-0400][gc,heap     ] GC(8) Humongous regions: 129->129
[2021-04-11T22:22:20.315-0400][gc,metaspace] GC(8) Metaspace: 39985K(40448K)->39985K(40448K) NonClass: 35632K(35904K)->35632K(35904K) Class: 4352K(4544K)->4352K(4544K)
[2021-04-11T22:22:20.315-0400][gc          ] GC(8) Pause Young (Normal) (G1 Evacuation Pause) 192M->145M(1024M) 81.707ms
[2021-04-11T22:22:20.315-0400][gc,cpu      ] GC(8) User=0.06s Sys=0.07s Real=0.08s
[2021-04-11T22:44:29.797-0400][gc,start    ] GC(9) Pause Young (Normal) (G1 Evacuation Pause)
[2021-04-11T22:44:29.799-0400][gc,task     ] GC(9) Using 8 workers of 8 for evacuation
[2021-04-11T22:44:29.830-0400][gc,mmu      ] GC(9) MMU target violated: 21.0ms (20.0ms/21.0ms)
[2021-04-11T22:44:29.830-0400][gc,phases   ] GC(9)   Pre Evacuate Collection Set: 1.6ms
[2021-04-11T22:44:29.830-0400][gc,phases   ] GC(9)   Merge Heap Roots: 0.4ms
[2021-04-11T22:44:29.830-0400][gc,phases   ] GC(9)   Evacuate Collection Set: 26.7ms
[2021-04-11T22:44:29.830-0400][gc,phases   ] GC(9)   Post Evacuate Collection Set: 1.5ms
[2021-04-11T22:44:29.830-0400][gc,phases   ] GC(9)   Other: 2.3ms
[2021-04-11T22:44:29.830-0400][gc,heap     ] GC(9) Eden regions: 47->0(47)
[2021-04-11T22:44:29.830-0400][gc,heap     ] GC(9) Survivor regions: 4->4(7)
[2021-04-11T22:44:29.830-0400][gc,heap     ] GC(9) Old regions: 12->12
[2021-04-11T22:44:29.830-0400][gc,heap     ] GC(9) Archive regions: 2->2
[2021-04-11T22:44:29.830-0400][gc,heap     ] GC(9) Humongous regions: 129->129
[2021-04-11T22:44:29.830-0400][gc,metaspace] GC(9) Metaspace: 40024K(40448K)->40024K(40448K) NonClass: 35672K(35904K)->35672K(35904K) Class: 4352K(4544K)->4352K(4544K)
[2021-04-11T22:44:29.830-0400][gc          ] GC(9) Pause Young (Normal) (G1 Evacuation Pause) 192M->145M(1024M) 32.641ms
[2021-04-11T22:44:29.830-0400][gc,cpu      ] GC(9) User=0.05s Sys=0.04s Real=0.04s
[2021-04-11T23:38:12.883-0400][gc,start    ] GC(10) Pause Young (Normal) (G1 Evacuation Pause)
[2021-04-11T23:38:12.884-0400][gc,task     ] GC(10) Using 8 workers of 8 for evacuation
[2021-04-11T23:38:12.922-0400][gc,mmu      ] GC(10) MMU target violated: 21.0ms (20.0ms/21.0ms)
[2021-04-11T23:38:12.922-0400][gc,phases   ] GC(10)   Pre Evacuate Collection Set: 1.5ms
[2021-04-11T23:38:12.922-0400][gc,phases   ] GC(10)   Merge Heap Roots: 0.3ms
[2021-04-11T23:38:12.922-0400][gc,phases   ] GC(10)   Evacuate Collection Set: 34.2ms
[2021-04-11T23:38:12.922-0400][gc,phases   ] GC(10)   Post Evacuate Collection Set: 2.0ms
[2021-04-11T23:38:12.922-0400][gc,phases   ] GC(10)   Other: 0.8ms
[2021-04-11T23:38:12.922-0400][gc,heap     ] GC(10) Eden regions: 47->0(47)
[2021-04-11T23:38:12.922-0400][gc,heap     ] GC(10) Survivor regions: 4->4(7)
[2021-04-11T23:38:12.922-0400][gc,heap     ] GC(10) Old regions: 12->12
[2021-04-11T23:38:12.922-0400][gc,heap     ] GC(10) Archive regions: 2->2
[2021-04-11T23:38:12.922-0400][gc,heap     ] GC(10) Humongous regions: 129->129
[2021-04-11T23:38:12.922-0400][gc,metaspace] GC(10) Metaspace: 40045K(40512K)->40045K(40512K) NonClass: 35693K(35968K)->35693K(35968K) Class: 4352K(4544K)->4352K(4544K)
[2021-04-11T23:38:12.922-0400][gc          ] GC(10) Pause Young (Normal) (G1 Evacuation Pause) 192M->145M(1024M) 38.970ms
[2021-04-11T23:38:12.922-0400][gc,cpu      ] GC(10) User=0.03s Sys=0.05s Real=0.04s
[2021-04-12T02:25:52.768-0400][gc,start    ] GC(11) Pause Young (Normal) (G1 Evacuation Pause)
[2021-04-12T02:25:52.770-0400][gc,task     ] GC(11) Using 8 workers of 8 for evacuation
[2021-04-12T02:25:52.826-0400][gc,mmu      ] GC(11) MMU target violated: 21.0ms (20.0ms/21.0ms)
[2021-04-12T02:25:52.826-0400][gc,phases   ] GC(11)   Pre Evacuate Collection Set: 6.5ms
[2021-04-12T02:25:52.826-0400][gc,phases   ] GC(11)   Merge Heap Roots: 0.9ms
[2021-04-12T02:25:52.826-0400][gc,phases   ] GC(11)   Evacuate Collection Set: 47.3ms
[2021-04-12T02:25:52.826-0400][gc,phases   ] GC(11)   Post Evacuate Collection Set: 1.2ms
[2021-04-12T02:25:52.826-0400][gc,phases   ] GC(11)   Other: 2.0ms
[2021-04-12T02:25:52.826-0400][gc,heap     ] GC(11) Eden regions: 47->0(47)
[2021-04-12T02:25:52.826-0400][gc,heap     ] GC(11) Survivor regions: 4->4(7)
[2021-04-12T02:25:52.826-0400][gc,heap     ] GC(11) Old regions: 12->12
[2021-04-12T02:25:52.826-0400][gc,heap     ] GC(11) Archive regions: 2->2
[2021-04-12T02:25:52.826-0400][gc,heap     ] GC(11) Humongous regions: 129->129
[2021-04-12T02:25:52.826-0400][gc,metaspace] GC(11) Metaspace: 40103K(40576K)->40103K(40576K) NonClass: 35750K(36032K)->35750K(36032K) Class: 4352K(4544K)->4352K(4544K)
[2021-04-12T02:25:52.826-0400][gc          ] GC(11) Pause Young (Normal) (G1 Evacuation Pause) 192M->145M(1024M) 57.829ms
[2021-04-12T02:25:52.826-0400][gc,cpu      ] GC(11) User=0.05s Sys=0.10s Real=0.06s
[2021-04-12T02:48:55.471-0400][gc,start    ] GC(12) Pause Young (Normal) (G1 Evacuation Pause)
[2021-04-12T02:48:55.473-0400][gc,task     ] GC(12) Using 8 workers of 8 for evacuation
[2021-04-12T02:48:55.644-0400][gc,mmu      ] GC(12) MMU target violated: 21.0ms (20.0ms/21.0ms)
[2021-04-12T02:48:55.645-0400][gc,phases   ] GC(12)   Pre Evacuate Collection Set: 7.8ms
[2021-04-12T02:48:55.645-0400][gc,phases   ] GC(12)   Merge Heap Roots: 3.6ms
[2021-04-12T02:48:55.645-0400][gc,phases   ] GC(12)   Evacuate Collection Set: 151.5ms
[2021-04-12T02:48:55.645-0400][gc,phases   ] GC(12)   Post Evacuate Collection Set: 6.9ms
[2021-04-12T02:48:55.646-0400][gc,phases   ] GC(12)   Other: 4.6ms
[2021-04-12T02:48:55.647-0400][gc,heap     ] GC(12) Eden regions: 47->0(47)
[2021-04-12T02:48:55.647-0400][gc,heap     ] GC(12) Survivor regions: 4->4(7)
[2021-04-12T02:48:55.647-0400][gc,heap     ] GC(12) Old regions: 12->12
[2021-04-12T02:48:55.647-0400][gc,heap     ] GC(12) Archive regions: 2->2
[2021-04-12T02:48:55.647-0400][gc,heap     ] GC(12) Humongous regions: 129->129
[2021-04-12T02:48:55.648-0400][gc,metaspace] GC(12) Metaspace: 40103K(40576K)->40103K(40576K) NonClass: 35750K(36032K)->35750K(36032K) Class: 4352K(4544K)->4352K(4544K)
[2021-04-12T02:48:55.649-0400][gc          ] GC(12) Pause Young (Normal) (G1 Evacuation Pause) 192M->145M(1024M) 178.649ms
[2021-04-12T02:48:55.650-0400][gc,cpu      ] GC(12) User=0.07s Sys=0.10s Real=0.18s
[2021-04-12T03:11:42.088-0400][gc,start    ] GC(13) Pause Young (Normal) (G1 Evacuation Pause)
[2021-04-12T03:11:42.089-0400][gc,task     ] GC(13) Using 8 workers of 8 for evacuation
[2021-04-12T03:11:42.181-0400][gc,mmu      ] GC(13) MMU target violated: 21.0ms (20.0ms/21.0ms)
[2021-04-12T03:11:42.181-0400][gc,phases   ] GC(13)   Pre Evacuate Collection Set: 5.0ms
[2021-04-12T03:11:42.181-0400][gc,phases   ] GC(13)   Merge Heap Roots: 1.1ms
[2021-04-12T03:11:42.181-0400][gc,phases   ] GC(13)   Evacuate Collection Set: 78.8ms
[2021-04-12T03:11:42.181-0400][gc,phases   ] GC(13)   Post Evacuate Collection Set: 5.8ms
[2021-04-12T03:11:42.182-0400][gc,phases   ] GC(13)   Other: 4.3ms
[2021-04-12T03:11:42.182-0400][gc,heap     ] GC(13) Eden regions: 47->0(47)
[2021-04-12T03:11:42.182-0400][gc,heap     ] GC(13) Survivor regions: 4->4(7)
[2021-04-12T03:11:42.182-0400][gc,heap     ] GC(13) Old regions: 12->12
[2021-04-12T03:11:42.182-0400][gc,heap     ] GC(13) Archive regions: 2->2
[2021-04-12T03:11:42.182-0400][gc,heap     ] GC(13) Humongous regions: 129->129
[2021-04-12T03:11:42.182-0400][gc,metaspace] GC(13) Metaspace: 40107K(40576K)->40107K(40576K) NonClass: 35754K(36032K)->35754K(36032K) Class: 4352K(4544K)->4352K(4544K)
[2021-04-12T03:11:42.182-0400][gc          ] GC(13) Pause Young (Normal) (G1 Evacuation Pause) 192M->145M(1024M) 94.541ms
[2021-04-12T03:11:42.182-0400][gc,cpu      ] GC(13) User=0.04s Sys=0.06s Real=0.10s
[2021-04-12T03:19:21.383-0400][gc,heap,exit] Heap
[2021-04-12T03:19:21.383-0400][gc,heap,exit]  garbage-first heap   total 1048576K, used 173488K [0x00000007c0000000, 0x0000000800000000)
[2021-04-12T03:19:21.383-0400][gc,heap,exit]   region size 1024K, 28 young (28672K), 4 survivors (4096K)
[2021-04-12T03:19:21.383-0400][gc,heap,exit]  Metaspace       used 40718K, committed 41216K, reserved 1089536K
[2021-04-12T03:19:21.383-0400][gc,heap,exit]   class space    used 4483K, committed 4736K, reserved 1048576K
