[2021-04-12T16:00:59.840-0400][gc] Using G1
[2021-04-12T16:00:59.846-0400][gc,init] Version: 16+36-sapmachine (release)
[2021-04-12T16:00:59.846-0400][gc,init] CPUs: 8 total, 8 available
[2021-04-12T16:00:59.846-0400][gc,init] Memory: 8192M
[2021-04-12T16:00:59.846-0400][gc,init] Large Page Support: Disabled
[2021-04-12T16:00:59.846-0400][gc,init] NUMA Support: Disabled
[2021-04-12T16:00:59.846-0400][gc,init] Compressed Oops: Enabled (Zero based)
[2021-04-12T16:00:59.846-0400][gc,init] Heap Region Size: 1M
[2021-04-12T16:00:59.846-0400][gc,init] Heap Min Capacity: 1G
[2021-04-12T16:00:59.846-0400][gc,init] Heap Initial Capacity: 1G
[2021-04-12T16:00:59.846-0400][gc,init] Heap Max Capacity: 1G
[2021-04-12T16:00:59.846-0400][gc,init] Pre-touch: Disabled
[2021-04-12T16:00:59.846-0400][gc,init] Parallel Workers: 8
[2021-04-12T16:00:59.846-0400][gc,init] Concurrent Workers: 2
[2021-04-12T16:00:59.846-0400][gc,init] Concurrent Refinement Workers: 8
[2021-04-12T16:00:59.846-0400][gc,init] Periodic GC: Disabled
[2021-04-12T16:00:59.846-0400][gc,metaspace] CDS archive(s) mapped at: [0x0000000800000000-0x0000000800beb000-0x0000000800beb000), size 12496896, SharedBaseAddress: 0x0000000800000000, ArchiveRelocationMode: 0.
[2021-04-12T16:00:59.846-0400][gc,metaspace] Compressed class space mapped at: 0x0000000800c00000-0x0000000840c00000, reserved size: 1073741824
[2021-04-12T16:00:59.846-0400][gc,metaspace] Narrow klass base: 0x0000000800000000, Narrow klass shift: 3, Narrow klass range: 0x100000000
[2021-04-12T16:01:01.796-0400][gc,start    ] GC(0) Pause Young (Normal) (G1 Evacuation Pause)
[2021-04-12T16:01:01.797-0400][gc,task     ] GC(0) Using 8 workers of 8 for evacuation
[2021-04-12T16:01:01.813-0400][gc,phases   ] GC(0)   Pre Evacuate Collection Set: 0.1ms
[2021-04-12T16:01:01.813-0400][gc,phases   ] GC(0)   Merge Heap Roots: 0.1ms
[2021-04-12T16:01:01.813-0400][gc,phases   ] GC(0)   Evacuate Collection Set: 15.1ms
[2021-04-12T16:01:01.813-0400][gc,phases   ] GC(0)   Post Evacuate Collection Set: 0.6ms
[2021-04-12T16:01:01.813-0400][gc,phases   ] GC(0)   Other: 1.3ms
[2021-04-12T16:01:01.813-0400][gc,heap     ] GC(0) Eden regions: 51->0(44)
[2021-04-12T16:01:01.813-0400][gc,heap     ] GC(0) Survivor regions: 0->7(7)
[2021-04-12T16:01:01.813-0400][gc,heap     ] GC(0) Old regions: 0->0
[2021-04-12T16:01:01.813-0400][gc,heap     ] GC(0) Archive regions: 2->2
[2021-04-12T16:01:01.813-0400][gc,heap     ] GC(0) Humongous regions: 0->0
[2021-04-12T16:01:01.813-0400][gc,metaspace] GC(0) Metaspace: 18977K(19200K)->18977K(19200K) NonClass: 16760K(16896K)->16760K(16896K) Class: 2217K(2304K)->2217K(2304K)
[2021-04-12T16:01:01.813-0400][gc          ] GC(0) Pause Young (Normal) (G1 Evacuation Pause) 51M->7M(1024M) 17.325ms
[2021-04-12T16:01:01.813-0400][gc,cpu      ] GC(0) User=0.03s Sys=0.01s Real=0.02s
[2021-04-12T16:01:02.050-0400][gc,start    ] GC(1) Pause Young (Concurrent Start) (Metadata GC Threshold)
[2021-04-12T16:01:02.050-0400][gc,task     ] GC(1) Using 8 workers of 8 for evacuation
[2021-04-12T16:01:02.061-0400][gc,phases   ] GC(1)   Pre Evacuate Collection Set: 0.1ms
[2021-04-12T16:01:02.061-0400][gc,phases   ] GC(1)   Merge Heap Roots: 0.0ms
[2021-04-12T16:01:02.061-0400][gc,phases   ] GC(1)   Evacuate Collection Set: 9.4ms
[2021-04-12T16:01:02.061-0400][gc,phases   ] GC(1)   Post Evacuate Collection Set: 0.5ms
[2021-04-12T16:01:02.061-0400][gc,phases   ] GC(1)   Other: 0.3ms
[2021-04-12T16:01:02.061-0400][gc,heap     ] GC(1) Eden regions: 8->0(50)
[2021-04-12T16:01:02.061-0400][gc,heap     ] GC(1) Survivor regions: 7->1(7)
[2021-04-12T16:01:02.061-0400][gc,heap     ] GC(1) Old regions: 0->7
[2021-04-12T16:01:02.061-0400][gc,heap     ] GC(1) Archive regions: 2->2
[2021-04-12T16:01:02.061-0400][gc,heap     ] GC(1) Humongous regions: 0->0
[2021-04-12T16:01:02.061-0400][gc,metaspace] GC(1) Metaspace: 21093K(21248K)->21093K(21248K) NonClass: 18635K(18688K)->18635K(18688K) Class: 2457K(2560K)->2457K(2560K)
[2021-04-12T16:01:02.061-0400][gc          ] GC(1) Pause Young (Concurrent Start) (Metadata GC Threshold) 15M->8M(1024M) 10.663ms
[2021-04-12T16:01:02.061-0400][gc,cpu      ] GC(1) User=0.02s Sys=0.01s Real=0.01s
[2021-04-12T16:01:02.061-0400][gc          ] GC(2) Concurrent Mark Cycle
[2021-04-12T16:01:02.061-0400][gc,marking  ] GC(2) Concurrent Clear Claimed Marks
[2021-04-12T16:01:02.061-0400][gc,marking  ] GC(2) Concurrent Clear Claimed Marks 0.014ms
[2021-04-12T16:01:02.061-0400][gc,marking  ] GC(2) Concurrent Scan Root Regions
[2021-04-12T16:01:02.064-0400][gc,marking  ] GC(2) Concurrent Scan Root Regions 2.855ms
[2021-04-12T16:01:02.065-0400][gc,marking  ] GC(2) Concurrent Mark
[2021-04-12T16:01:02.065-0400][gc,marking  ] GC(2) Concurrent Mark From Roots
[2021-04-12T16:01:02.065-0400][gc,task     ] GC(2) Using 2 workers of 2 for marking
[2021-04-12T16:01:02.066-0400][gc,marking  ] GC(2) Concurrent Mark From Roots 1.077ms
[2021-04-12T16:01:02.066-0400][gc,marking  ] GC(2) Concurrent Preclean
[2021-04-12T16:01:02.066-0400][gc,marking  ] GC(2) Concurrent Preclean 0.026ms
[2021-04-12T16:01:02.067-0400][gc,start    ] GC(2) Pause Remark
[2021-04-12T16:01:02.077-0400][gc          ] GC(2) Pause Remark 8M->8M(1024M) 9.941ms
[2021-04-12T16:01:02.077-0400][gc,cpu      ] GC(2) User=0.01s Sys=0.01s Real=0.01s
[2021-04-12T16:01:02.078-0400][gc,marking  ] GC(2) Concurrent Mark 12.726ms
[2021-04-12T16:01:02.078-0400][gc,marking  ] GC(2) Concurrent Rebuild Remembered Sets
[2021-04-12T16:01:02.080-0400][gc,marking  ] GC(2) Concurrent Rebuild Remembered Sets 1.642ms
[2021-04-12T16:01:02.080-0400][gc,start    ] GC(2) Pause Cleanup
[2021-04-12T16:01:02.080-0400][gc          ] GC(2) Pause Cleanup 8M->8M(1024M) 0.181ms
[2021-04-12T16:01:02.080-0400][gc,cpu      ] GC(2) User=0.00s Sys=0.00s Real=0.00s
[2021-04-12T16:01:02.080-0400][gc,marking  ] GC(2) Concurrent Cleanup for Next Mark
[2021-04-12T16:01:02.088-0400][gc,marking  ] GC(2) Concurrent Cleanup for Next Mark 8.028ms
[2021-04-12T16:01:02.088-0400][gc          ] GC(2) Concurrent Mark Cycle 26.848ms
[2021-04-12T16:01:04.486-0400][gc,start    ] GC(3) Pause Young (Normal) (G1 Evacuation Pause)
[2021-04-12T16:01:04.486-0400][gc,task     ] GC(3) Using 8 workers of 8 for evacuation
[2021-04-12T16:01:04.491-0400][gc,phases   ] GC(3)   Pre Evacuate Collection Set: 0.2ms
[2021-04-12T16:01:04.491-0400][gc,phases   ] GC(3)   Merge Heap Roots: 0.1ms
[2021-04-12T16:01:04.491-0400][gc,phases   ] GC(3)   Evacuate Collection Set: 4.1ms
[2021-04-12T16:01:04.491-0400][gc,phases   ] GC(3)   Post Evacuate Collection Set: 0.5ms
[2021-04-12T16:01:04.491-0400][gc,phases   ] GC(3)   Other: 0.2ms
[2021-04-12T16:01:04.491-0400][gc,heap     ] GC(3) Eden regions: 50->0(45)
[2021-04-12T16:01:04.491-0400][gc,heap     ] GC(3) Survivor regions: 1->6(7)
[2021-04-12T16:01:04.491-0400][gc,heap     ] GC(3) Old regions: 7->7
[2021-04-12T16:01:04.491-0400][gc,heap     ] GC(3) Archive regions: 2->2
[2021-04-12T16:01:04.491-0400][gc,heap     ] GC(3) Humongous regions: 129->129
[2021-04-12T16:01:04.491-0400][gc,metaspace] GC(3) Metaspace: 31732K(32000K)->31732K(32000K) NonClass: 28336K(28480K)->28336K(28480K) Class: 3395K(3520K)->3395K(3520K)
[2021-04-12T16:01:04.491-0400][gc          ] GC(3) Pause Young (Normal) (G1 Evacuation Pause) 187M->142M(1024M) 5.335ms
[2021-04-12T16:01:04.491-0400][gc,cpu      ] GC(3) User=0.02s Sys=0.01s Real=0.01s
[2021-04-12T16:01:05.166-0400][gc,start    ] GC(4) Pause Young (Concurrent Start) (Metadata GC Threshold)
[2021-04-12T16:01:05.166-0400][gc,task     ] GC(4) Using 8 workers of 8 for evacuation
[2021-04-12T16:01:05.172-0400][gc,phases   ] GC(4)   Pre Evacuate Collection Set: 0.2ms
[2021-04-12T16:01:05.172-0400][gc,phases   ] GC(4)   Merge Heap Roots: 0.1ms
[2021-04-12T16:01:05.172-0400][gc,phases   ] GC(4)   Evacuate Collection Set: 4.5ms
[2021-04-12T16:01:05.172-0400][gc,phases   ] GC(4)   Post Evacuate Collection Set: 0.4ms
[2021-04-12T16:01:05.172-0400][gc,phases   ] GC(4)   Other: 0.3ms
[2021-04-12T16:01:05.172-0400][gc,heap     ] GC(4) Eden regions: 16->0(49)
[2021-04-12T16:01:05.172-0400][gc,heap     ] GC(4) Survivor regions: 6->2(7)
[2021-04-12T16:01:05.172-0400][gc,heap     ] GC(4) Old regions: 7->12
[2021-04-12T16:01:05.172-0400][gc,heap     ] GC(4) Archive regions: 2->2
[2021-04-12T16:01:05.172-0400][gc,heap     ] GC(4) Humongous regions: 129->129
[2021-04-12T16:01:05.172-0400][gc,metaspace] GC(4) Metaspace: 35272K(35520K)->35272K(35520K) NonClass: 31472K(31616K)->31472K(31616K) Class: 3799K(3904K)->3799K(3904K)
[2021-04-12T16:01:05.172-0400][gc          ] GC(4) Pause Young (Concurrent Start) (Metadata GC Threshold) 157M->143M(1024M) 5.738ms
[2021-04-12T16:01:05.172-0400][gc,cpu      ] GC(4) User=0.02s Sys=0.01s Real=0.01s
[2021-04-12T16:01:05.172-0400][gc          ] GC(5) Concurrent Mark Cycle
[2021-04-12T16:01:05.172-0400][gc,marking  ] GC(5) Concurrent Clear Claimed Marks
[2021-04-12T16:01:05.172-0400][gc,marking  ] GC(5) Concurrent Clear Claimed Marks 0.057ms
[2021-04-12T16:01:05.172-0400][gc,marking  ] GC(5) Concurrent Scan Root Regions
[2021-04-12T16:01:05.175-0400][gc,marking  ] GC(5) Concurrent Scan Root Regions 2.553ms
[2021-04-12T16:01:05.175-0400][gc,marking  ] GC(5) Concurrent Mark
[2021-04-12T16:01:05.175-0400][gc,marking  ] GC(5) Concurrent Mark From Roots
[2021-04-12T16:01:05.175-0400][gc,task     ] GC(5) Using 2 workers of 2 for marking
[2021-04-12T16:01:05.180-0400][gc,marking  ] GC(5) Concurrent Mark From Roots 5.215ms
[2021-04-12T16:01:05.181-0400][gc,marking  ] GC(5) Concurrent Preclean
[2021-04-12T16:01:05.181-0400][gc,marking  ] GC(5) Concurrent Preclean 0.183ms
[2021-04-12T16:01:05.183-0400][gc,start    ] GC(5) Pause Remark
[2021-04-12T16:01:05.200-0400][gc          ] GC(5) Pause Remark 143M->143M(1024M) 17.032ms
[2021-04-12T16:01:05.200-0400][gc,cpu      ] GC(5) User=0.02s Sys=0.03s Real=0.02s
[2021-04-12T16:01:05.200-0400][gc,marking  ] GC(5) Concurrent Mark 25.536ms
[2021-04-12T16:01:05.200-0400][gc,marking  ] GC(5) Concurrent Rebuild Remembered Sets
[2021-04-12T16:01:05.204-0400][gc,marking  ] GC(5) Concurrent Rebuild Remembered Sets 3.728ms
[2021-04-12T16:01:05.204-0400][gc,start    ] GC(5) Pause Cleanup
[2021-04-12T16:01:05.205-0400][gc          ] GC(5) Pause Cleanup 143M->143M(1024M) 0.247ms
[2021-04-12T16:01:05.205-0400][gc,cpu      ] GC(5) User=0.00s Sys=0.00s Real=0.00s
[2021-04-12T16:01:05.205-0400][gc,marking  ] GC(5) Concurrent Cleanup for Next Mark
[2021-04-12T16:01:05.209-0400][gc,marking  ] GC(5) Concurrent Cleanup for Next Mark 4.436ms
[2021-04-12T16:01:05.209-0400][gc          ] GC(5) Concurrent Mark Cycle 37.072ms
[2021-04-12T16:15:40.737-0400][gc,start    ] GC(6) Pause Young (Normal) (G1 Evacuation Pause)
[2021-04-12T16:15:40.739-0400][gc,task     ] GC(6) Using 8 workers of 8 for evacuation
[2021-04-12T16:15:40.948-0400][gc,mmu      ] GC(6) MMU target violated: 21.0ms (20.0ms/21.0ms)
[2021-04-12T16:15:40.948-0400][gc,phases   ] GC(6)   Pre Evacuate Collection Set: 12.4ms
[2021-04-12T16:15:40.948-0400][gc,phases   ] GC(6)   Merge Heap Roots: 1.9ms
[2021-04-12T16:15:40.948-0400][gc,phases   ] GC(6)   Evacuate Collection Set: 189.6ms
[2021-04-12T16:15:40.948-0400][gc,phases   ] GC(6)   Post Evacuate Collection Set: 5.2ms
[2021-04-12T16:15:40.948-0400][gc,phases   ] GC(6)   Other: 3.4ms
[2021-04-12T16:15:40.948-0400][gc,heap     ] GC(6) Eden regions: 49->0(48)
[2021-04-12T16:15:40.948-0400][gc,heap     ] GC(6) Survivor regions: 2->3(7)
[2021-04-12T16:15:40.948-0400][gc,heap     ] GC(6) Old regions: 12->12
[2021-04-12T16:15:40.948-0400][gc,heap     ] GC(6) Archive regions: 2->2
[2021-04-12T16:15:40.948-0400][gc,heap     ] GC(6) Humongous regions: 135->129
[2021-04-12T16:15:40.948-0400][gc,metaspace] GC(6) Metaspace: 38346K(38720K)->38346K(38720K) NonClass: 34211K(34432K)->34211K(34432K) Class: 4134K(4288K)->4134K(4288K)
[2021-04-12T16:15:40.948-0400][gc          ] GC(6) Pause Young (Normal) (G1 Evacuation Pause) 198M->144M(1024M) 211.402ms
[2021-04-12T16:15:40.948-0400][gc,cpu      ] GC(6) User=0.06s Sys=0.11s Real=0.21s
[2021-04-12T16:37:19.864-0400][gc,start    ] GC(7) Pause Young (Normal) (G1 Evacuation Pause)
[2021-04-12T16:37:19.867-0400][gc,task     ] GC(7) Using 8 workers of 8 for evacuation
[2021-04-12T16:37:19.990-0400][gc,mmu      ] GC(7) MMU target violated: 21.0ms (20.0ms/21.0ms)
[2021-04-12T16:37:19.990-0400][gc,phases   ] GC(7)   Pre Evacuate Collection Set: 6.5ms
[2021-04-12T16:37:19.990-0400][gc,phases   ] GC(7)   Merge Heap Roots: 5.4ms
[2021-04-12T16:37:19.990-0400][gc,phases   ] GC(7)   Evacuate Collection Set: 109.2ms
[2021-04-12T16:37:19.990-0400][gc,phases   ] GC(7)   Post Evacuate Collection Set: 1.6ms
[2021-04-12T16:37:19.990-0400][gc,phases   ] GC(7)   Other: 4.8ms
[2021-04-12T16:37:19.990-0400][gc,heap     ] GC(7) Eden regions: 48->0(48)
[2021-04-12T16:37:19.990-0400][gc,heap     ] GC(7) Survivor regions: 3->3(7)
[2021-04-12T16:37:19.990-0400][gc,heap     ] GC(7) Old regions: 12->12
[2021-04-12T16:37:19.990-0400][gc,heap     ] GC(7) Archive regions: 2->2
[2021-04-12T16:37:19.990-0400][gc,heap     ] GC(7) Humongous regions: 129->129
[2021-04-12T16:37:19.990-0400][gc,metaspace] GC(7) Metaspace: 38504K(38912K)->38504K(38912K) NonClass: 34369K(34624K)->34369K(34624K) Class: 4134K(4288K)->4134K(4288K)
[2021-04-12T16:37:19.990-0400][gc          ] GC(7) Pause Young (Normal) (G1 Evacuation Pause) 192M->144M(1024M) 125.784ms
[2021-04-12T16:37:19.990-0400][gc,cpu      ] GC(7) User=0.06s Sys=0.12s Real=0.13s
[2021-04-12T16:56:07.305-0400][gc,start    ] GC(8) Pause Young (Normal) (G1 Evacuation Pause)
[2021-04-12T16:56:07.306-0400][gc,task     ] GC(8) Using 8 workers of 8 for evacuation
[2021-04-12T16:56:07.392-0400][gc,mmu      ] GC(8) MMU target violated: 21.0ms (20.0ms/21.0ms)
[2021-04-12T16:56:07.393-0400][gc,phases   ] GC(8)   Pre Evacuate Collection Set: 3.2ms
[2021-04-12T16:56:07.393-0400][gc,phases   ] GC(8)   Merge Heap Roots: 1.6ms
[2021-04-12T16:56:07.393-0400][gc,phases   ] GC(8)   Evacuate Collection Set: 70.9ms
[2021-04-12T16:56:07.393-0400][gc,phases   ] GC(8)   Post Evacuate Collection Set: 7.9ms
[2021-04-12T16:56:07.394-0400][gc,phases   ] GC(8)   Other: 6.1ms
[2021-04-12T16:56:07.394-0400][gc,heap     ] GC(8) Eden regions: 48->0(47)
[2021-04-12T16:56:07.394-0400][gc,heap     ] GC(8) Survivor regions: 3->4(7)
[2021-04-12T16:56:07.394-0400][gc,heap     ] GC(8) Old regions: 12->12
[2021-04-12T16:56:07.394-0400][gc,heap     ] GC(8) Archive regions: 2->2
[2021-04-12T16:56:07.394-0400][gc,heap     ] GC(8) Humongous regions: 129->129
[2021-04-12T16:56:07.395-0400][gc,metaspace] GC(8) Metaspace: 39638K(40192K)->39638K(40192K) NonClass: 35306K(35584K)->35306K(35584K) Class: 4331K(4608K)->4331K(4608K)
[2021-04-12T16:56:07.396-0400][gc          ] GC(8) Pause Young (Normal) (G1 Evacuation Pause) 192M->145M(1024M) 91.737ms
[2021-04-12T16:56:07.396-0400][gc,cpu      ] GC(8) User=0.05s Sys=0.10s Real=0.09s
[2021-04-12T17:30:29.005-0400][gc,start    ] GC(9) Pause Young (Normal) (G1 Evacuation Pause)
[2021-04-12T17:30:29.006-0400][gc,task     ] GC(9) Using 8 workers of 8 for evacuation
[2021-04-12T17:30:29.048-0400][gc,mmu      ] GC(9) MMU target violated: 21.0ms (20.0ms/21.0ms)
[2021-04-12T17:30:29.048-0400][gc,phases   ] GC(9)   Pre Evacuate Collection Set: 3.7ms
[2021-04-12T17:30:29.048-0400][gc,phases   ] GC(9)   Merge Heap Roots: 2.6ms
[2021-04-12T17:30:29.048-0400][gc,phases   ] GC(9)   Evacuate Collection Set: 32.1ms
[2021-04-12T17:30:29.048-0400][gc,phases   ] GC(9)   Post Evacuate Collection Set: 1.9ms
[2021-04-12T17:30:29.048-0400][gc,phases   ] GC(9)   Other: 4.0ms
[2021-04-12T17:30:29.048-0400][gc,heap     ] GC(9) Eden regions: 47->0(48)
[2021-04-12T17:30:29.048-0400][gc,heap     ] GC(9) Survivor regions: 4->3(7)
[2021-04-12T17:30:29.048-0400][gc,heap     ] GC(9) Old regions: 12->12
[2021-04-12T17:30:29.048-0400][gc,heap     ] GC(9) Archive regions: 2->2
[2021-04-12T17:30:29.048-0400][gc,heap     ] GC(9) Humongous regions: 129->129
[2021-04-12T17:30:29.048-0400][gc,metaspace] GC(9) Metaspace: 39727K(40256K)->39727K(40256K) NonClass: 35388K(35648K)->35388K(35648K) Class: 4339K(4608K)->4339K(4608K)
[2021-04-12T17:30:29.049-0400][gc          ] GC(9) Pause Young (Normal) (G1 Evacuation Pause) 192M->144M(1024M) 44.213ms
[2021-04-12T17:30:29.049-0400][gc,cpu      ] GC(9) User=0.04s Sys=0.07s Real=0.04s
[2021-04-12T18:01:06.329-0400][gc,start    ] GC(10) Pause Young (Normal) (G1 Evacuation Pause)
[2021-04-12T18:01:06.330-0400][gc,task     ] GC(10) Using 8 workers of 8 for evacuation
[2021-04-12T18:01:06.434-0400][gc,mmu      ] GC(10) MMU target violated: 21.0ms (20.0ms/21.0ms)
[2021-04-12T18:01:06.434-0400][gc,phases   ] GC(10)   Pre Evacuate Collection Set: 5.2ms
[2021-04-12T18:01:06.434-0400][gc,phases   ] GC(10)   Merge Heap Roots: 1.8ms
[2021-04-12T18:01:06.434-0400][gc,phases   ] GC(10)   Evacuate Collection Set: 89.5ms
[2021-04-12T18:01:06.434-0400][gc,phases   ] GC(10)   Post Evacuate Collection Set: 7.1ms
[2021-04-12T18:01:06.434-0400][gc,phases   ] GC(10)   Other: 4.1ms
[2021-04-12T18:01:06.435-0400][gc,heap     ] GC(10) Eden regions: 48->0(47)
[2021-04-12T18:01:06.435-0400][gc,heap     ] GC(10) Survivor regions: 3->4(7)
[2021-04-12T18:01:06.435-0400][gc,heap     ] GC(10) Old regions: 12->12
[2021-04-12T18:01:06.435-0400][gc,heap     ] GC(10) Archive regions: 2->2
[2021-04-12T18:01:06.435-0400][gc,heap     ] GC(10) Humongous regions: 129->129
[2021-04-12T18:01:06.435-0400][gc,metaspace] GC(10) Metaspace: 39792K(40384K)->39792K(40384K) NonClass: 35453K(35776K)->35453K(35776K) Class: 4339K(4608K)->4339K(4608K)
[2021-04-12T18:01:06.435-0400][gc          ] GC(10) Pause Young (Normal) (G1 Evacuation Pause) 192M->145M(1024M) 105.725ms
[2021-04-12T18:01:06.435-0400][gc,cpu      ] GC(10) User=0.02s Sys=0.07s Real=0.11s
[2021-04-12T18:22:57.274-0400][gc,start    ] GC(11) Pause Young (Normal) (G1 Evacuation Pause)
[2021-04-12T18:22:57.274-0400][gc,task     ] GC(11) Using 8 workers of 8 for evacuation
[2021-04-12T18:22:57.333-0400][gc,mmu      ] GC(11) MMU target violated: 21.0ms (20.0ms/21.0ms)
[2021-04-12T18:22:57.333-0400][gc,phases   ] GC(11)   Pre Evacuate Collection Set: 3.7ms
[2021-04-12T18:22:57.333-0400][gc,phases   ] GC(11)   Merge Heap Roots: 0.4ms
[2021-04-12T18:22:57.333-0400][gc,phases   ] GC(11)   Evacuate Collection Set: 49.6ms
[2021-04-12T18:22:57.333-0400][gc,phases   ] GC(11)   Post Evacuate Collection Set: 4.6ms
[2021-04-12T18:22:57.333-0400][gc,phases   ] GC(11)   Other: 1.2ms
[2021-04-12T18:22:57.333-0400][gc,heap     ] GC(11) Eden regions: 47->0(47)
[2021-04-12T18:22:57.333-0400][gc,heap     ] GC(11) Survivor regions: 4->4(7)
[2021-04-12T18:22:57.333-0400][gc,heap     ] GC(11) Old regions: 12->12
[2021-04-12T18:22:57.333-0400][gc,heap     ] GC(11) Archive regions: 2->2
[2021-04-12T18:22:57.333-0400][gc,heap     ] GC(11) Humongous regions: 129->129
[2021-04-12T18:22:57.333-0400][gc,metaspace] GC(11) Metaspace: 39802K(40384K)->39802K(40384K) NonClass: 35463K(35776K)->35463K(35776K) Class: 4339K(4608K)->4339K(4608K)
[2021-04-12T18:22:57.333-0400][gc          ] GC(11) Pause Young (Normal) (G1 Evacuation Pause) 192M->145M(1024M) 59.254ms
[2021-04-12T18:22:57.333-0400][gc,cpu      ] GC(11) User=0.03s Sys=0.04s Real=0.06s
[2021-04-12T18:45:24.509-0400][gc,start    ] GC(12) Pause Young (Normal) (G1 Evacuation Pause)
[2021-04-12T18:45:24.510-0400][gc,task     ] GC(12) Using 8 workers of 8 for evacuation
[2021-04-12T18:45:24.550-0400][gc,mmu      ] GC(12) MMU target violated: 21.0ms (20.0ms/21.0ms)
[2021-04-12T18:45:24.550-0400][gc,phases   ] GC(12)   Pre Evacuate Collection Set: 1.9ms
[2021-04-12T18:45:24.550-0400][gc,phases   ] GC(12)   Merge Heap Roots: 0.2ms
[2021-04-12T18:45:24.550-0400][gc,phases   ] GC(12)   Evacuate Collection Set: 36.3ms
[2021-04-12T18:45:24.550-0400][gc,phases   ] GC(12)   Post Evacuate Collection Set: 1.2ms
[2021-04-12T18:45:24.550-0400][gc,phases   ] GC(12)   Other: 1.2ms
[2021-04-12T18:45:24.550-0400][gc,heap     ] GC(12) Eden regions: 47->0(47)
[2021-04-12T18:45:24.550-0400][gc,heap     ] GC(12) Survivor regions: 4->4(7)
[2021-04-12T18:45:24.550-0400][gc,heap     ] GC(12) Old regions: 12->12
[2021-04-12T18:45:24.550-0400][gc,heap     ] GC(12) Archive regions: 2->2
[2021-04-12T18:45:24.550-0400][gc,heap     ] GC(12) Humongous regions: 129->129
[2021-04-12T18:45:24.550-0400][gc,metaspace] GC(12) Metaspace: 39845K(40384K)->39845K(40384K) NonClass: 35506K(35776K)->35506K(35776K) Class: 4339K(4608K)->4339K(4608K)
[2021-04-12T18:45:24.550-0400][gc          ] GC(12) Pause Young (Normal) (G1 Evacuation Pause) 192M->145M(1024M) 40.933ms
[2021-04-12T18:45:24.550-0400][gc,cpu      ] GC(12) User=0.04s Sys=0.05s Real=0.05s
[2021-04-12T19:08:00.902-0400][gc,start    ] GC(13) Pause Young (Normal) (G1 Evacuation Pause)
[2021-04-12T19:08:00.904-0400][gc,task     ] GC(13) Using 8 workers of 8 for evacuation
[2021-04-12T19:08:00.987-0400][gc,mmu      ] GC(13) MMU target violated: 21.0ms (20.0ms/21.0ms)
[2021-04-12T19:08:00.987-0400][gc,phases   ] GC(13)   Pre Evacuate Collection Set: 4.9ms
[2021-04-12T19:08:00.987-0400][gc,phases   ] GC(13)   Merge Heap Roots: 1.4ms
[2021-04-12T19:08:00.987-0400][gc,phases   ] GC(13)   Evacuate Collection Set: 73.3ms
[2021-04-12T19:08:00.987-0400][gc,phases   ] GC(13)   Post Evacuate Collection Set: 2.2ms
[2021-04-12T19:08:00.987-0400][gc,phases   ] GC(13)   Other: 2.7ms
[2021-04-12T19:08:00.987-0400][gc,heap     ] GC(13) Eden regions: 47->0(47)
[2021-04-12T19:08:00.987-0400][gc,heap     ] GC(13) Survivor regions: 4->4(7)
[2021-04-12T19:08:00.987-0400][gc,heap     ] GC(13) Old regions: 12->12
[2021-04-12T19:08:00.987-0400][gc,heap     ] GC(13) Archive regions: 2->2
[2021-04-12T19:08:00.987-0400][gc,heap     ] GC(13) Humongous regions: 129->129
[2021-04-12T19:08:00.987-0400][gc,metaspace] GC(13) Metaspace: 39849K(40448K)->39849K(40448K) NonClass: 35510K(35840K)->35510K(35840K) Class: 4339K(4608K)->4339K(4608K)
[2021-04-12T19:08:00.987-0400][gc          ] GC(13) Pause Young (Normal) (G1 Evacuation Pause) 192M->145M(1024M) 84.654ms
[2021-04-12T19:08:00.987-0400][gc,cpu      ] GC(13) User=0.06s Sys=0.09s Real=0.08s
[2021-04-12T19:30:17.211-0400][gc,start    ] GC(14) Pause Young (Normal) (G1 Evacuation Pause)
[2021-04-12T19:30:17.213-0400][gc,task     ] GC(14) Using 8 workers of 8 for evacuation
[2021-04-12T19:30:17.315-0400][gc,mmu      ] GC(14) MMU target violated: 21.0ms (20.0ms/21.0ms)
[2021-04-12T19:30:17.315-0400][gc,phases   ] GC(14)   Pre Evacuate Collection Set: 10.8ms
[2021-04-12T19:30:17.315-0400][gc,phases   ] GC(14)   Merge Heap Roots: 1.2ms
[2021-04-12T19:30:17.315-0400][gc,phases   ] GC(14)   Evacuate Collection Set: 85.8ms
[2021-04-12T19:30:17.315-0400][gc,phases   ] GC(14)   Post Evacuate Collection Set: 2.0ms
[2021-04-12T19:30:17.315-0400][gc,phases   ] GC(14)   Other: 5.2ms
[2021-04-12T19:30:17.315-0400][gc,heap     ] GC(14) Eden regions: 47->0(48)
[2021-04-12T19:30:17.315-0400][gc,heap     ] GC(14) Survivor regions: 4->3(7)
[2021-04-12T19:30:17.315-0400][gc,heap     ] GC(14) Old regions: 12->12
[2021-04-12T19:30:17.315-0400][gc,heap     ] GC(14) Archive regions: 2->2
[2021-04-12T19:30:17.315-0400][gc,heap     ] GC(14) Humongous regions: 129->129
[2021-04-12T19:30:17.315-0400][gc,metaspace] GC(14) Metaspace: 39860K(40448K)->39860K(40448K) NonClass: 35521K(35840K)->35521K(35840K) Class: 4339K(4608K)->4339K(4608K)
[2021-04-12T19:30:17.315-0400][gc          ] GC(14) Pause Young (Normal) (G1 Evacuation Pause) 192M->144M(1024M) 103.812ms
[2021-04-12T19:30:17.315-0400][gc,cpu      ] GC(14) User=0.04s Sys=0.11s Real=0.10s
[2021-04-12T19:55:51.614-0400][gc,start    ] GC(15) Pause Young (Normal) (G1 Evacuation Pause)
[2021-04-12T19:55:51.616-0400][gc,task     ] GC(15) Using 8 workers of 8 for evacuation
[2021-04-12T19:55:51.669-0400][gc,mmu      ] GC(15) MMU target violated: 21.0ms (20.0ms/21.0ms)
[2021-04-12T19:55:51.670-0400][gc,phases   ] GC(15)   Pre Evacuate Collection Set: 9.5ms
[2021-04-12T19:55:51.670-0400][gc,phases   ] GC(15)   Merge Heap Roots: 0.9ms
[2021-04-12T19:55:51.670-0400][gc,phases   ] GC(15)   Evacuate Collection Set: 36.5ms
[2021-04-12T19:55:51.670-0400][gc,phases   ] GC(15)   Post Evacuate Collection Set: 4.4ms
[2021-04-12T19:55:51.670-0400][gc,phases   ] GC(15)   Other: 7.7ms
[2021-04-12T19:55:51.670-0400][gc,heap     ] GC(15) Eden regions: 48->0(47)
[2021-04-12T19:55:51.670-0400][gc,heap     ] GC(15) Survivor regions: 3->4(7)
[2021-04-12T19:55:51.670-0400][gc,heap     ] GC(15) Old regions: 12->12
[2021-04-12T19:55:51.670-0400][gc,heap     ] GC(15) Archive regions: 2->2
[2021-04-12T19:55:51.670-0400][gc,heap     ] GC(15) Humongous regions: 129->129
[2021-04-12T19:55:51.670-0400][gc,metaspace] GC(15) Metaspace: 39878K(40448K)->39878K(40448K) NonClass: 35539K(35840K)->35539K(35840K) Class: 4339K(4608K)->4339K(4608K)
[2021-04-12T19:55:51.671-0400][gc          ] GC(15) Pause Young (Normal) (G1 Evacuation Pause) 192M->145M(1024M) 56.886ms
[2021-04-12T19:55:51.671-0400][gc,cpu      ] GC(15) User=0.02s Sys=0.05s Real=0.06s
[2021-04-12T20:43:29.802-0400][gc,start    ] GC(16) Pause Young (Normal) (G1 Evacuation Pause)
[2021-04-12T20:43:29.804-0400][gc,task     ] GC(16) Using 8 workers of 8 for evacuation
[2021-04-12T20:43:30.038-0400][gc,mmu      ] GC(16) MMU target violated: 21.0ms (20.0ms/21.0ms)
[2021-04-12T20:43:30.038-0400][gc,phases   ] GC(16)   Pre Evacuate Collection Set: 10.0ms
[2021-04-12T20:43:30.038-0400][gc,phases   ] GC(16)   Merge Heap Roots: 2.0ms
[2021-04-12T20:43:30.038-0400][gc,phases   ] GC(16)   Evacuate Collection Set: 214.3ms
[2021-04-12T20:43:30.038-0400][gc,phases   ] GC(16)   Post Evacuate Collection Set: 5.1ms
[2021-04-12T20:43:30.038-0400][gc,phases   ] GC(16)   Other: 7.5ms
[2021-04-12T20:43:30.039-0400][gc,heap     ] GC(16) Eden regions: 47->0(47)
[2021-04-12T20:43:30.039-0400][gc,heap     ] GC(16) Survivor regions: 4->4(7)
[2021-04-12T20:43:30.039-0400][gc,heap     ] GC(16) Old regions: 12->12
[2021-04-12T20:43:30.039-0400][gc,heap     ] GC(16) Archive regions: 2->2
[2021-04-12T20:43:30.039-0400][gc,heap     ] GC(16) Humongous regions: 129->129
[2021-04-12T20:43:30.039-0400][gc,metaspace] GC(16) Metaspace: 39887K(40448K)->39887K(40448K) NonClass: 35548K(35840K)->35548K(35840K) Class: 4339K(4608K)->4339K(4608K)
[2021-04-12T20:43:30.039-0400][gc          ] GC(16) Pause Young (Normal) (G1 Evacuation Pause) 192M->145M(1024M) 237.721ms
[2021-04-12T20:43:30.039-0400][gc,cpu      ] GC(16) User=0.09s Sys=0.11s Real=0.23s
[2021-04-12T21:05:47.722-0400][gc,start    ] GC(17) Pause Young (Normal) (G1 Evacuation Pause)
[2021-04-12T21:05:47.724-0400][gc,task     ] GC(17) Using 8 workers of 8 for evacuation
[2021-04-12T21:05:47.895-0400][gc,mmu      ] GC(17) MMU target violated: 21.0ms (20.0ms/21.0ms)
[2021-04-12T21:05:47.895-0400][gc,phases   ] GC(17)   Pre Evacuate Collection Set: 7.6ms
[2021-04-12T21:05:47.895-0400][gc,phases   ] GC(17)   Merge Heap Roots: 2.0ms
[2021-04-12T21:05:47.895-0400][gc,phases   ] GC(17)   Evacuate Collection Set: 152.4ms
[2021-04-12T21:05:47.895-0400][gc,phases   ] GC(17)   Post Evacuate Collection Set: 5.6ms
[2021-04-12T21:05:47.895-0400][gc,phases   ] GC(17)   Other: 5.9ms
[2021-04-12T21:05:47.895-0400][gc,heap     ] GC(17) Eden regions: 47->0(47)
[2021-04-12T21:05:47.895-0400][gc,heap     ] GC(17) Survivor regions: 4->4(7)
[2021-04-12T21:05:47.895-0400][gc,heap     ] GC(17) Old regions: 12->12
[2021-04-12T21:05:47.895-0400][gc,heap     ] GC(17) Archive regions: 2->2
[2021-04-12T21:05:47.895-0400][gc,heap     ] GC(17) Humongous regions: 129->129
[2021-04-12T21:05:47.895-0400][gc,metaspace] GC(17) Metaspace: 39902K(40448K)->39902K(40448K) NonClass: 35563K(35840K)->35563K(35840K) Class: 4339K(4608K)->4339K(4608K)
[2021-04-12T21:05:47.895-0400][gc          ] GC(17) Pause Young (Normal) (G1 Evacuation Pause) 192M->145M(1024M) 173.196ms
[2021-04-12T21:05:47.896-0400][gc,cpu      ] GC(17) User=0.04s Sys=0.11s Real=0.17s
[2021-04-12T21:28:41.266-0400][gc,start    ] GC(18) Pause Young (Normal) (G1 Evacuation Pause)
[2021-04-12T21:28:41.270-0400][gc,task     ] GC(18) Using 8 workers of 8 for evacuation
[2021-04-12T21:28:41.454-0400][gc,mmu      ] GC(18) MMU target violated: 21.0ms (20.0ms/21.0ms)
[2021-04-12T21:28:41.454-0400][gc,phases   ] GC(18)   Pre Evacuate Collection Set: 11.5ms
[2021-04-12T21:28:41.454-0400][gc,phases   ] GC(18)   Merge Heap Roots: 1.4ms
[2021-04-12T21:28:41.454-0400][gc,phases   ] GC(18)   Evacuate Collection Set: 165.7ms
[2021-04-12T21:28:41.454-0400][gc,phases   ] GC(18)   Post Evacuate Collection Set: 3.5ms
[2021-04-12T21:28:41.455-0400][gc,phases   ] GC(18)   Other: 9.4ms
[2021-04-12T21:28:41.455-0400][gc,heap     ] GC(18) Eden regions: 47->0(47)
[2021-04-12T21:28:41.455-0400][gc,heap     ] GC(18) Survivor regions: 4->4(7)
[2021-04-12T21:28:41.455-0400][gc,heap     ] GC(18) Old regions: 12->12
[2021-04-12T21:28:41.455-0400][gc,heap     ] GC(18) Archive regions: 2->2
[2021-04-12T21:28:41.455-0400][gc,heap     ] GC(18) Humongous regions: 129->129
[2021-04-12T21:28:41.455-0400][gc,metaspace] GC(18) Metaspace: 39927K(40448K)->39927K(40448K) NonClass: 35588K(35840K)->35588K(35840K) Class: 4339K(4608K)->4339K(4608K)
[2021-04-12T21:28:41.455-0400][gc          ] GC(18) Pause Young (Normal) (G1 Evacuation Pause) 192M->145M(1024M) 188.858ms
[2021-04-12T21:28:41.455-0400][gc,cpu      ] GC(18) User=0.07s Sys=0.09s Real=0.19s
[2021-04-12T21:46:27.982-0400][gc,start    ] GC(19) Pause Young (Normal) (G1 Evacuation Pause)
[2021-04-12T21:46:27.984-0400][gc,task     ] GC(19) Using 8 workers of 8 for evacuation
[2021-04-12T21:46:28.067-0400][gc,mmu      ] GC(19) MMU target violated: 21.0ms (20.0ms/21.0ms)
[2021-04-12T21:46:28.067-0400][gc,phases   ] GC(19)   Pre Evacuate Collection Set: 10.1ms
[2021-04-12T21:46:28.067-0400][gc,phases   ] GC(19)   Merge Heap Roots: 1.5ms
[2021-04-12T21:46:28.067-0400][gc,phases   ] GC(19)   Evacuate Collection Set: 69.6ms
[2021-04-12T21:46:28.067-0400][gc,phases   ] GC(19)   Post Evacuate Collection Set: 1.1ms
[2021-04-12T21:46:28.067-0400][gc,phases   ] GC(19)   Other: 3.1ms
[2021-04-12T21:46:28.067-0400][gc,heap     ] GC(19) Eden regions: 47->0(47)
[2021-04-12T21:46:28.067-0400][gc,heap     ] GC(19) Survivor regions: 4->4(7)
[2021-04-12T21:46:28.067-0400][gc,heap     ] GC(19) Old regions: 12->12
[2021-04-12T21:46:28.067-0400][gc,heap     ] GC(19) Archive regions: 2->2
[2021-04-12T21:46:28.067-0400][gc,heap     ] GC(19) Humongous regions: 129->129
[2021-04-12T21:46:28.067-0400][gc,metaspace] GC(19) Metaspace: 40270K(40832K)->40270K(40832K) NonClass: 35931K(36224K)->35931K(36224K) Class: 4339K(4608K)->4339K(4608K)
[2021-04-12T21:46:28.067-0400][gc          ] GC(19) Pause Young (Normal) (G1 Evacuation Pause) 192M->145M(1024M) 85.411ms
[2021-04-12T21:46:28.067-0400][gc,cpu      ] GC(19) User=0.05s Sys=0.11s Real=0.08s
[2021-04-12T22:49:54.104-0400][gc,start    ] GC(20) Pause Young (Normal) (G1 Evacuation Pause)
[2021-04-12T22:49:54.106-0400][gc,task     ] GC(20) Using 8 workers of 8 for evacuation
[2021-04-12T22:49:54.365-0400][gc,mmu      ] GC(20) MMU target violated: 21.0ms (20.0ms/21.0ms)
[2021-04-12T22:49:54.365-0400][gc,phases   ] GC(20)   Pre Evacuate Collection Set: 8.8ms
[2021-04-12T22:49:54.365-0400][gc,phases   ] GC(20)   Merge Heap Roots: 2.2ms
[2021-04-12T22:49:54.365-0400][gc,phases   ] GC(20)   Evacuate Collection Set: 241.6ms
[2021-04-12T22:49:54.365-0400][gc,phases   ] GC(20)   Post Evacuate Collection Set: 3.3ms
[2021-04-12T22:49:54.365-0400][gc,phases   ] GC(20)   Other: 6.3ms
[2021-04-12T22:49:54.365-0400][gc,heap     ] GC(20) Eden regions: 47->0(47)
[2021-04-12T22:49:54.365-0400][gc,heap     ] GC(20) Survivor regions: 4->4(7)
[2021-04-12T22:49:54.365-0400][gc,heap     ] GC(20) Old regions: 12->13
[2021-04-12T22:49:54.365-0400][gc,heap     ] GC(20) Archive regions: 2->2
[2021-04-12T22:49:54.365-0400][gc,heap     ] GC(20) Humongous regions: 129->129
[2021-04-12T22:49:54.365-0400][gc,metaspace] GC(20) Metaspace: 40284K(40832K)->40284K(40832K) NonClass: 35942K(36224K)->35942K(36224K) Class: 4342K(4608K)->4342K(4608K)
[2021-04-12T22:49:54.366-0400][gc          ] GC(20) Pause Young (Normal) (G1 Evacuation Pause) 192M->145M(1024M) 261.515ms
[2021-04-12T22:49:54.366-0400][gc,cpu      ] GC(20) User=0.14s Sys=0.11s Real=0.26s
[2021-04-12T23:25:04.065-0400][gc,start    ] GC(21) Pause Young (Normal) (G1 Evacuation Pause)
[2021-04-12T23:25:04.066-0400][gc,task     ] GC(21) Using 8 workers of 8 for evacuation
[2021-04-12T23:25:04.125-0400][gc,mmu      ] GC(21) MMU target violated: 21.0ms (20.0ms/21.0ms)
[2021-04-12T23:25:04.125-0400][gc,phases   ] GC(21)   Pre Evacuate Collection Set: 7.4ms
[2021-04-12T23:25:04.125-0400][gc,phases   ] GC(21)   Merge Heap Roots: 1.3ms
[2021-04-12T23:25:04.125-0400][gc,phases   ] GC(21)   Evacuate Collection Set: 45.5ms
[2021-04-12T23:25:04.125-0400][gc,phases   ] GC(21)   Post Evacuate Collection Set: 2.8ms
[2021-04-12T23:25:04.125-0400][gc,phases   ] GC(21)   Other: 4.6ms
[2021-04-12T23:25:04.125-0400][gc,heap     ] GC(21) Eden regions: 47->0(48)
[2021-04-12T23:25:04.125-0400][gc,heap     ] GC(21) Survivor regions: 4->3(7)
[2021-04-12T23:25:04.125-0400][gc,heap     ] GC(21) Old regions: 13->14
[2021-04-12T23:25:04.125-0400][gc,heap     ] GC(21) Archive regions: 2->2
[2021-04-12T23:25:04.125-0400][gc,heap     ] GC(21) Humongous regions: 129->129
[2021-04-12T23:25:04.125-0400][gc,metaspace] GC(21) Metaspace: 40285K(40832K)->40285K(40832K) NonClass: 35943K(36224K)->35943K(36224K) Class: 4342K(4608K)->4342K(4608K)
[2021-04-12T23:25:04.125-0400][gc          ] GC(21) Pause Young (Normal) (G1 Evacuation Pause) 192M->145M(1024M) 60.378ms
[2021-04-12T23:25:04.125-0400][gc,cpu      ] GC(21) User=0.03s Sys=0.07s Real=0.06s
[2021-04-13T00:01:04.789-0400][gc,start    ] GC(22) Pause Young (Normal) (G1 Evacuation Pause)
[2021-04-13T00:01:04.789-0400][gc,task     ] GC(22) Using 8 workers of 8 for evacuation
[2021-04-13T00:01:04.840-0400][gc,mmu      ] GC(22) MMU target violated: 21.0ms (20.0ms/21.0ms)
[2021-04-13T00:01:04.840-0400][gc,phases   ] GC(22)   Pre Evacuate Collection Set: 4.1ms
[2021-04-13T00:01:04.840-0400][gc,phases   ] GC(22)   Merge Heap Roots: 1.7ms
[2021-04-13T00:01:04.840-0400][gc,phases   ] GC(22)   Evacuate Collection Set: 40.3ms
[2021-04-13T00:01:04.840-0400][gc,phases   ] GC(22)   Post Evacuate Collection Set: 3.5ms
[2021-04-13T00:01:04.840-0400][gc,phases   ] GC(22)   Other: 2.1ms
[2021-04-13T00:01:04.840-0400][gc,heap     ] GC(22) Eden regions: 48->0(48)
[2021-04-13T00:01:04.840-0400][gc,heap     ] GC(22) Survivor regions: 3->3(7)
[2021-04-13T00:01:04.840-0400][gc,heap     ] GC(22) Old regions: 14->14
[2021-04-13T00:01:04.840-0400][gc,heap     ] GC(22) Archive regions: 2->2
[2021-04-13T00:01:04.840-0400][gc,heap     ] GC(22) Humongous regions: 129->129
[2021-04-13T00:01:04.840-0400][gc,metaspace] GC(22) Metaspace: 40292K(40832K)->40292K(40832K) NonClass: 35949K(36224K)->35949K(36224K) Class: 4342K(4608K)->4342K(4608K)
[2021-04-13T00:01:04.840-0400][gc          ] GC(22) Pause Young (Normal) (G1 Evacuation Pause) 193M->145M(1024M) 51.636ms
[2021-04-13T00:01:04.840-0400][gc,cpu      ] GC(22) User=0.03s Sys=0.05s Real=0.06s
[2021-04-13T00:37:00.629-0400][gc,start    ] GC(23) Pause Young (Normal) (G1 Evacuation Pause)
[2021-04-13T00:37:00.631-0400][gc,task     ] GC(23) Using 8 workers of 8 for evacuation
[2021-04-13T00:37:00.654-0400][gc,mmu      ] GC(23) MMU target violated: 21.0ms (20.0ms/21.0ms)
[2021-04-13T00:37:00.654-0400][gc,phases   ] GC(23)   Pre Evacuate Collection Set: 2.5ms
[2021-04-13T00:37:00.654-0400][gc,phases   ] GC(23)   Merge Heap Roots: 0.3ms
[2021-04-13T00:37:00.654-0400][gc,phases   ] GC(23)   Evacuate Collection Set: 18.1ms
[2021-04-13T00:37:00.654-0400][gc,phases   ] GC(23)   Post Evacuate Collection Set: 1.4ms
[2021-04-13T00:37:00.654-0400][gc,phases   ] GC(23)   Other: 2.8ms
[2021-04-13T00:37:00.654-0400][gc,heap     ] GC(23) Eden regions: 48->0(49)
[2021-04-13T00:37:00.654-0400][gc,heap     ] GC(23) Survivor regions: 3->2(7)
[2021-04-13T00:37:00.654-0400][gc,heap     ] GC(23) Old regions: 14->15
[2021-04-13T00:37:00.654-0400][gc,heap     ] GC(23) Archive regions: 2->2
[2021-04-13T00:37:00.654-0400][gc,heap     ] GC(23) Humongous regions: 129->129
[2021-04-13T00:37:00.654-0400][gc,metaspace] GC(23) Metaspace: 40293K(40832K)->40293K(40832K) NonClass: 35950K(36224K)->35950K(36224K) Class: 4342K(4608K)->4342K(4608K)
[2021-04-13T00:37:00.654-0400][gc          ] GC(23) Pause Young (Normal) (G1 Evacuation Pause) 193M->146M(1024M) 24.945ms
[2021-04-13T00:37:00.654-0400][gc,cpu      ] GC(23) User=0.02s Sys=0.04s Real=0.03s
[2021-04-13T01:14:01.705-0400][gc,start    ] GC(24) Pause Young (Normal) (G1 Evacuation Pause)
[2021-04-13T01:14:01.706-0400][gc,task     ] GC(24) Using 8 workers of 8 for evacuation
[2021-04-13T01:14:01.724-0400][gc,phases   ] GC(24)   Pre Evacuate Collection Set: 2.4ms
[2021-04-13T01:14:01.725-0400][gc,phases   ] GC(24)   Merge Heap Roots: 0.2ms
[2021-04-13T01:14:01.725-0400][gc,phases   ] GC(24)   Evacuate Collection Set: 14.1ms
[2021-04-13T01:14:01.725-0400][gc,phases   ] GC(24)   Post Evacuate Collection Set: 1.5ms
[2021-04-13T01:14:01.725-0400][gc,phases   ] GC(24)   Other: 1.4ms
[2021-04-13T01:14:01.725-0400][gc,heap     ] GC(24) Eden regions: 49->0(105)
[2021-04-13T01:14:01.725-0400][gc,heap     ] GC(24) Survivor regions: 2->2(7)
[2021-04-13T01:14:01.725-0400][gc,heap     ] GC(24) Old regions: 15->15
[2021-04-13T01:14:01.725-0400][gc,heap     ] GC(24) Archive regions: 2->2
[2021-04-13T01:14:01.725-0400][gc,heap     ] GC(24) Humongous regions: 129->129
[2021-04-13T01:14:01.725-0400][gc,metaspace] GC(24) Metaspace: 40293K(40832K)->40293K(40832K) NonClass: 35950K(36224K)->35950K(36224K) Class: 4342K(4608K)->4342K(4608K)
[2021-04-13T01:14:01.725-0400][gc          ] GC(24) Pause Young (Normal) (G1 Evacuation Pause) 195M->146M(1024M) 19.842ms
[2021-04-13T01:14:01.725-0400][gc,cpu      ] GC(24) User=0.02s Sys=0.03s Real=0.02s
[2021-04-13T02:34:24.281-0400][gc,start    ] GC(25) Pause Young (Normal) (G1 Evacuation Pause)
[2021-04-13T02:34:24.281-0400][gc,task     ] GC(25) Using 8 workers of 8 for evacuation
[2021-04-13T02:34:24.298-0400][gc,phases   ] GC(25)   Pre Evacuate Collection Set: 1.7ms
[2021-04-13T02:34:24.299-0400][gc,phases   ] GC(25)   Merge Heap Roots: 0.2ms
[2021-04-13T02:34:24.299-0400][gc,phases   ] GC(25)   Evacuate Collection Set: 13.1ms
[2021-04-13T02:34:24.299-0400][gc,phases   ] GC(25)   Post Evacuate Collection Set: 1.5ms
[2021-04-13T02:34:24.299-0400][gc,phases   ] GC(25)   Other: 3.4ms
[2021-04-13T02:34:24.299-0400][gc,heap     ] GC(25) Eden regions: 105->0(612)
[2021-04-13T02:34:24.299-0400][gc,heap     ] GC(25) Survivor regions: 2->2(14)
[2021-04-13T02:34:24.299-0400][gc,heap     ] GC(25) Old regions: 15->15
[2021-04-13T02:34:24.299-0400][gc,heap     ] GC(25) Archive regions: 2->2
[2021-04-13T02:34:24.299-0400][gc,heap     ] GC(25) Humongous regions: 129->129
[2021-04-13T02:34:24.299-0400][gc,metaspace] GC(25) Metaspace: 40316K(40832K)->40316K(40832K) NonClass: 35974K(36224K)->35974K(36224K) Class: 4342K(4608K)->4342K(4608K)
[2021-04-13T02:34:24.299-0400][gc          ] GC(25) Pause Young (Normal) (G1 Evacuation Pause) 251M->146M(1024M) 18.434ms
[2021-04-13T02:34:24.299-0400][gc,cpu      ] GC(25) User=0.02s Sys=0.02s Real=0.01s
[2021-04-13T10:28:47.639-0400][gc,start    ] GC(26) Pause Young (Normal) (G1 Evacuation Pause)
[2021-04-13T10:28:47.640-0400][gc,task     ] GC(26) Using 8 workers of 8 for evacuation
[2021-04-13T10:28:47.675-0400][gc,mmu      ] GC(26) MMU target violated: 21.0ms (20.0ms/21.0ms)
[2021-04-13T10:28:47.675-0400][gc,phases   ] GC(26)   Pre Evacuate Collection Set: 5.8ms
[2021-04-13T10:28:47.675-0400][gc,phases   ] GC(26)   Merge Heap Roots: 1.0ms
[2021-04-13T10:28:47.675-0400][gc,phases   ] GC(26)   Evacuate Collection Set: 20.1ms
[2021-04-13T10:28:47.675-0400][gc,phases   ] GC(26)   Post Evacuate Collection Set: 7.3ms
[2021-04-13T10:28:47.675-0400][gc,phases   ] GC(26)   Other: 3.8ms
[2021-04-13T10:28:47.675-0400][gc,heap     ] GC(26) Eden regions: 612->0(612)
[2021-04-13T10:28:47.676-0400][gc,heap     ] GC(26) Survivor regions: 2->2(77)
[2021-04-13T10:28:47.676-0400][gc,heap     ] GC(26) Old regions: 15->15
[2021-04-13T10:28:47.676-0400][gc,heap     ] GC(26) Archive regions: 2->2
[2021-04-13T10:28:47.676-0400][gc,heap     ] GC(26) Humongous regions: 129->129
[2021-04-13T10:28:47.676-0400][gc,metaspace] GC(26) Metaspace: 40338K(40896K)->40338K(40896K) NonClass: 35995K(36288K)->35995K(36288K) Class: 4342K(4608K)->4342K(4608K)
[2021-04-13T10:28:47.676-0400][gc          ] GC(26) Pause Young (Normal) (G1 Evacuation Pause) 758M->146M(1024M) 36.139ms
[2021-04-13T10:28:47.676-0400][gc,cpu      ] GC(26) User=0.02s Sys=0.04s Real=0.04s
[2021-04-13T14:38:23.260-0400][gc,heap,exit] Heap
[2021-04-13T14:38:23.261-0400][gc,heap,exit]  garbage-first heap   total 1048576K, used 449580K [0x00000007c0000000, 0x0000000800000000)
[2021-04-13T14:38:23.261-0400][gc,heap,exit]   region size 1024K, 295 young (302080K), 2 survivors (2048K)
[2021-04-13T14:38:23.261-0400][gc,heap,exit]  Metaspace       used 40978K, committed 41536K, reserved 1089536K
[2021-04-13T14:38:23.261-0400][gc,heap,exit]   class space    used 4469K, committed 4736K, reserved 1048576K
