[2021-04-12T16:00:40.679-0400][gc] Using G1
[2021-04-12T16:00:40.682-0400][gc,init] Version: 16+36-sapmachine (release)
[2021-04-12T16:00:40.682-0400][gc,init] CPUs: 8 total, 8 available
[2021-04-12T16:00:40.682-0400][gc,init] Memory: 8192M
[2021-04-12T16:00:40.682-0400][gc,init] Large Page Support: Disabled
[2021-04-12T16:00:40.682-0400][gc,init] NUMA Support: Disabled
[2021-04-12T16:00:40.682-0400][gc,init] Compressed Oops: Enabled (Zero based)
[2021-04-12T16:00:40.682-0400][gc,init] Heap Region Size: 1M
[2021-04-12T16:00:40.682-0400][gc,init] Heap Min Capacity: 512M
[2021-04-12T16:00:40.682-0400][gc,init] Heap Initial Capacity: 512M
[2021-04-12T16:00:40.682-0400][gc,init] Heap Max Capacity: 512M
[2021-04-12T16:00:40.682-0400][gc,init] Pre-touch: Disabled
[2021-04-12T16:00:40.682-0400][gc,init] Parallel Workers: 8
[2021-04-12T16:00:40.682-0400][gc,init] Concurrent Workers: 2
[2021-04-12T16:00:40.682-0400][gc,init] Concurrent Refinement Workers: 8
[2021-04-12T16:00:40.682-0400][gc,init] Periodic GC: Disabled
[2021-04-12T16:00:40.682-0400][gc,metaspace] CDS archive(s) mapped at: [0x0000000800000000-0x0000000800beb000-0x0000000800beb000), size 12496896, SharedBaseAddress: 0x0000000800000000, ArchiveRelocationMode: 0.
[2021-04-12T16:00:40.682-0400][gc,metaspace] Compressed class space mapped at: 0x0000000800c00000-0x0000000840c00000, reserved size: 1073741824
[2021-04-12T16:00:40.682-0400][gc,metaspace] Narrow klass base: 0x0000000800000000, Narrow klass shift: 3, Narrow klass range: 0x100000000
[2021-04-12T16:01:01.409-0400][gc,start    ] GC(0) Pause Young (Normal) (G1 Evacuation Pause)
[2021-04-12T16:01:01.410-0400][gc,task     ] GC(0) Using 8 workers of 8 for evacuation
[2021-04-12T16:01:01.427-0400][gc,phases   ] GC(0)   Pre Evacuate Collection Set: 0.1ms
[2021-04-12T16:01:01.427-0400][gc,phases   ] GC(0)   Merge Heap Roots: 0.1ms
[2021-04-12T16:01:01.427-0400][gc,phases   ] GC(0)   Evacuate Collection Set: 15.3ms
[2021-04-12T16:01:01.427-0400][gc,phases   ] GC(0)   Post Evacuate Collection Set: 0.7ms
[2021-04-12T16:01:01.427-0400][gc,phases   ] GC(0)   Other: 1.6ms
[2021-04-12T16:01:01.427-0400][gc,heap     ] GC(0) Eden regions: 25->0(21)
[2021-04-12T16:01:01.427-0400][gc,heap     ] GC(0) Survivor regions: 0->4(4)
[2021-04-12T16:01:01.427-0400][gc,heap     ] GC(0) Old regions: 0->2
[2021-04-12T16:01:01.427-0400][gc,heap     ] GC(0) Archive regions: 2->2
[2021-04-12T16:01:01.427-0400][gc,heap     ] GC(0) Humongous regions: 0->0
[2021-04-12T16:01:01.427-0400][gc,metaspace] GC(0) Metaspace: 7375K(7552K)->7375K(7552K) NonClass: 6590K(6656K)->6590K(6656K) Class: 785K(896K)->785K(896K)
[2021-04-12T16:01:01.427-0400][gc          ] GC(0) Pause Young (Normal) (G1 Evacuation Pause) 25M->6M(512M) 18.252ms
[2021-04-12T16:01:01.427-0400][gc,cpu      ] GC(0) User=0.03s Sys=0.01s Real=0.02s
[2021-04-13T00:59:49.187-0400][gc,start    ] GC(1) Pause Young (Normal) (G1 Evacuation Pause)
[2021-04-13T00:59:49.189-0400][gc,task     ] GC(1) Using 8 workers of 8 for evacuation
[2021-04-13T00:59:49.392-0400][gc,mmu      ] GC(1) MMU target violated: 21.0ms (20.0ms/21.0ms)
[2021-04-13T00:59:49.392-0400][gc,phases   ] GC(1)   Pre Evacuate Collection Set: 7.8ms
[2021-04-13T00:59:49.392-0400][gc,phases   ] GC(1)   Merge Heap Roots: 3.0ms
[2021-04-13T00:59:49.392-0400][gc,phases   ] GC(1)   Evacuate Collection Set: 185.8ms
[2021-04-13T00:59:49.392-0400][gc,phases   ] GC(1)   Post Evacuate Collection Set: 5.6ms
[2021-04-13T00:59:49.392-0400][gc,phases   ] GC(1)   Other: 3.3ms
[2021-04-13T00:59:49.392-0400][gc,heap     ] GC(1) Eden regions: 21->0(24)
[2021-04-13T00:59:49.392-0400][gc,heap     ] GC(1) Survivor regions: 4->1(4)
[2021-04-13T00:59:49.392-0400][gc,heap     ] GC(1) Old regions: 2->6
[2021-04-13T00:59:49.392-0400][gc,heap     ] GC(1) Archive regions: 2->2
[2021-04-13T00:59:49.392-0400][gc,heap     ] GC(1) Humongous regions: 0->0
[2021-04-13T00:59:49.392-0400][gc,metaspace] GC(1) Metaspace: 7932K(8128K)->7932K(8128K) NonClass: 7131K(7232K)->7131K(7232K) Class: 800K(896K)->800K(896K)
[2021-04-13T00:59:49.392-0400][gc          ] GC(1) Pause Young (Normal) (G1 Evacuation Pause) 27M->6M(512M) 204.673ms
[2021-04-13T00:59:49.392-0400][gc,cpu      ] GC(1) User=0.11s Sys=0.10s Real=0.21s
[2021-04-13T11:38:09.936-0400][gc,start    ] GC(2) Pause Young (Normal) (G1 Evacuation Pause)
[2021-04-13T11:38:09.939-0400][gc,task     ] GC(2) Using 8 workers of 8 for evacuation
[2021-04-13T11:38:09.975-0400][gc,mmu      ] GC(2) MMU target violated: 21.0ms (20.0ms/21.0ms)
[2021-04-13T11:38:09.976-0400][gc,phases   ] GC(2)   Pre Evacuate Collection Set: 3.4ms
[2021-04-13T11:38:09.976-0400][gc,phases   ] GC(2)   Merge Heap Roots: 1.3ms
[2021-04-13T11:38:09.976-0400][gc,phases   ] GC(2)   Evacuate Collection Set: 28.0ms
[2021-04-13T11:38:09.976-0400][gc,phases   ] GC(2)   Post Evacuate Collection Set: 2.7ms
[2021-04-13T11:38:09.976-0400][gc,phases   ] GC(2)   Other: 5.7ms
[2021-04-13T11:38:09.976-0400][gc,heap     ] GC(2) Eden regions: 24->0(24)
[2021-04-13T11:38:09.976-0400][gc,heap     ] GC(2) Survivor regions: 1->1(4)
[2021-04-13T11:38:09.976-0400][gc,heap     ] GC(2) Old regions: 6->6
[2021-04-13T11:38:09.976-0400][gc,heap     ] GC(2) Archive regions: 2->2
[2021-04-13T11:38:09.976-0400][gc,heap     ] GC(2) Humongous regions: 0->0
[2021-04-13T11:38:09.976-0400][gc,metaspace] GC(2) Metaspace: 7932K(8128K)->7932K(8128K) NonClass: 7131K(7232K)->7131K(7232K) Class: 800K(896K)->800K(896K)
[2021-04-13T11:38:09.976-0400][gc          ] GC(2) Pause Young (Normal) (G1 Evacuation Pause) 30M->6M(512M) 39.638ms
[2021-04-13T11:38:09.976-0400][gc,cpu      ] GC(2) User=0.02s Sys=0.04s Real=0.04s
[2021-04-16T18:06:04.143-0400][gc,heap,exit] Heap
[2021-04-16T18:06:04.143-0400][gc,heap,exit]  garbage-first heap   total 524288K, used 17311K [0x00000007e0000000, 0x0000000800000000)
[2021-04-16T18:06:04.143-0400][gc,heap,exit]   region size 1024K, 12 young (12288K), 1 survivors (1024K)
[2021-04-16T18:06:04.143-0400][gc,heap,exit]  Metaspace       used 7949K, committed 8128K, reserved 1056768K
[2021-04-16T18:06:04.143-0400][gc,heap,exit]   class space    used 801K, committed 896K, reserved 1048576K
