[2021-04-16T18:04:51.413-0400][gc] Using G1
[2021-04-16T18:04:51.416-0400][gc,init] Version: 16+36-sapmachine (release)
[2021-04-16T18:04:51.416-0400][gc,init] CPUs: 8 total, 8 available
[2021-04-16T18:04:51.416-0400][gc,init] Memory: 8192M
[2021-04-16T18:04:51.416-0400][gc,init] Large Page Support: Disabled
[2021-04-16T18:04:51.416-0400][gc,init] NUMA Support: Disabled
[2021-04-16T18:04:51.416-0400][gc,init] Compressed Oops: Enabled (Zero based)
[2021-04-16T18:04:51.416-0400][gc,init] Heap Region Size: 1M
[2021-04-16T18:04:51.416-0400][gc,init] Heap Min Capacity: 512M
[2021-04-16T18:04:51.416-0400][gc,init] Heap Initial Capacity: 512M
[2021-04-16T18:04:51.416-0400][gc,init] Heap Max Capacity: 512M
[2021-04-16T18:04:51.416-0400][gc,init] Pre-touch: Disabled
[2021-04-16T18:04:51.416-0400][gc,init] Parallel Workers: 8
[2021-04-16T18:04:51.416-0400][gc,init] Concurrent Workers: 2
[2021-04-16T18:04:51.416-0400][gc,init] Concurrent Refinement Workers: 8
[2021-04-16T18:04:51.416-0400][gc,init] Periodic GC: Disabled
[2021-04-16T18:04:51.418-0400][gc,metaspace] CDS archive(s) mapped at: [0x0000000800000000-0x0000000800beb000-0x0000000800beb000), size 12496896, SharedBaseAddress: 0x0000000800000000, ArchiveRelocationMode: 0.
[2021-04-16T18:04:51.418-0400][gc,metaspace] Compressed class space mapped at: 0x0000000800c00000-0x0000000840c00000, reserved size: 1073741824
[2021-04-16T18:04:51.418-0400][gc,metaspace] Narrow klass base: 0x0000000800000000, Narrow klass shift: 3, Narrow klass range: 0x100000000
[2021-04-16T18:04:52.729-0400][gc,heap,exit] Heap
[2021-04-16T18:04:52.729-0400][gc,heap,exit]  garbage-first heap   total 524288K, used 15334K [0x00000007e0000000, 0x0000000800000000)
[2021-04-16T18:04:52.729-0400][gc,heap,exit]   region size 1024K, 15 young (15360K), 0 survivors (0K)
[2021-04-16T18:04:52.729-0400][gc,heap,exit]  Metaspace       used 6376K, committed 6528K, reserved 1056768K
[2021-04-16T18:04:52.729-0400][gc,heap,exit]   class space    used 681K, committed 768K, reserved 1048576K
