[2021-04-11T21:06:53.053-0400][gc] Using G1
[2021-04-11T21:06:53.056-0400][gc,init] Version: 16+36-sapmachine (release)
[2021-04-11T21:06:53.056-0400][gc,init] CPUs: 8 total, 8 available
[2021-04-11T21:06:53.056-0400][gc,init] Memory: 8192M
[2021-04-11T21:06:53.056-0400][gc,init] Large Page Support: Disabled
[2021-04-11T21:06:53.056-0400][gc,init] NUMA Support: Disabled
[2021-04-11T21:06:53.056-0400][gc,init] Compressed Oops: Enabled (Zero based)
[2021-04-11T21:06:53.056-0400][gc,init] Heap Region Size: 1M
[2021-04-11T21:06:53.056-0400][gc,init] Heap Min Capacity: 512M
[2021-04-11T21:06:53.056-0400][gc,init] Heap Initial Capacity: 512M
[2021-04-11T21:06:53.056-0400][gc,init] Heap Max Capacity: 512M
[2021-04-11T21:06:53.056-0400][gc,init] Pre-touch: Disabled
[2021-04-11T21:06:53.056-0400][gc,init] Parallel Workers: 8
[2021-04-11T21:06:53.056-0400][gc,init] Concurrent Workers: 2
[2021-04-11T21:06:53.056-0400][gc,init] Concurrent Refinement Workers: 8
[2021-04-11T21:06:53.056-0400][gc,init] Periodic GC: Disabled
[2021-04-11T21:06:53.057-0400][gc,metaspace] CDS archive(s) mapped at: [0x0000000800000000-0x0000000800beb000-0x0000000800beb000), size 12496896, SharedBaseAddress: 0x0000000800000000, ArchiveRelocationMode: 0.
[2021-04-11T21:06:53.057-0400][gc,metaspace] Compressed class space mapped at: 0x0000000800c00000-0x0000000840c00000, reserved size: 1073741824
[2021-04-11T21:06:53.057-0400][gc,metaspace] Narrow klass base: 0x0000000800000000, Narrow klass shift: 3, Narrow klass range: 0x100000000
[2021-04-11T21:08:56.186-0400][gc,start    ] GC(0) Pause Young (Normal) (G1 Evacuation Pause)
[2021-04-11T21:08:56.187-0400][gc,task     ] GC(0) Using 8 workers of 8 for evacuation
[2021-04-11T21:08:56.216-0400][gc,mmu      ] GC(0) MMU target violated: 21.0ms (20.0ms/21.0ms)
[2021-04-11T21:08:56.216-0400][gc,phases   ] GC(0)   Pre Evacuate Collection Set: 0.3ms
[2021-04-11T21:08:56.216-0400][gc,phases   ] GC(0)   Merge Heap Roots: 0.1ms
[2021-04-11T21:08:56.216-0400][gc,phases   ] GC(0)   Evacuate Collection Set: 27.3ms
[2021-04-11T21:08:56.216-0400][gc,phases   ] GC(0)   Post Evacuate Collection Set: 0.6ms
[2021-04-11T21:08:56.216-0400][gc,phases   ] GC(0)   Other: 1.4ms
[2021-04-11T21:08:56.216-0400][gc,heap     ] GC(0) Eden regions: 25->0(21)
[2021-04-11T21:08:56.216-0400][gc,heap     ] GC(0) Survivor regions: 0->4(4)
[2021-04-11T21:08:56.216-0400][gc,heap     ] GC(0) Old regions: 0->2
[2021-04-11T21:08:56.216-0400][gc,heap     ] GC(0) Archive regions: 2->2
[2021-04-11T21:08:56.216-0400][gc,heap     ] GC(0) Humongous regions: 0->0
[2021-04-11T21:08:56.216-0400][gc,metaspace] GC(0) Metaspace: 7287K(7488K)->7287K(7488K) NonClass: 6503K(6592K)->6503K(6592K) Class: 783K(896K)->783K(896K)
[2021-04-11T21:08:56.217-0400][gc          ] GC(0) Pause Young (Normal) (G1 Evacuation Pause) 25M->6M(512M) 30.224ms
[2021-04-11T21:08:56.217-0400][gc,cpu      ] GC(0) User=0.02s Sys=0.03s Real=0.03s
